Archive member included to satisfy reference by file (symbol)

C:/ST/STM32CubeIDE_1.15.1/STM32CubeIDE/plugins/com.st.stm32cube.ide.mcu.externaltools.gnu-tools-for-stm32.12.3.rel1.win32_1.0.100.202403111256/tools/bin/../lib/gcc/arm-none-eabi/12.3.1/../../../../arm-none-eabi/lib/thumb/v7-m/nofp\libc_nano.a(libc_a-exit.o)
                              C:/ST/STM32CubeIDE_1.15.1/STM32CubeIDE/plugins/com.st.stm32cube.ide.mcu.externaltools.gnu-tools-for-stm32.12.3.rel1.win32_1.0.100.202403111256/tools/bin/../lib/gcc/arm-none-eabi/12.3.1/../../../../arm-none-eabi/lib/thumb/v7-m/nofp/crt0.o (exit)
C:/ST/STM32CubeIDE_1.15.1/STM32CubeIDE/plugins/com.st.stm32cube.ide.mcu.externaltools.gnu-tools-for-stm32.12.3.rel1.win32_1.0.100.202403111256/tools/bin/../lib/gcc/arm-none-eabi/12.3.1/../../../../arm-none-eabi/lib/thumb/v7-m/nofp\libc_nano.a(libc_a-nano-vfprintf_float.o)
                              (_printf_float)
C:/ST/STM32CubeIDE_1.15.1/STM32CubeIDE/plugins/com.st.stm32cube.ide.mcu.externaltools.gnu-tools-for-stm32.12.3.rel1.win32_1.0.100.202403111256/tools/bin/../lib/gcc/arm-none-eabi/12.3.1/../../../../arm-none-eabi/lib/thumb/v7-m/nofp\libc_nano.a(libc_a-nano-vfprintf_i.o)
                              C:/ST/STM32CubeIDE_1.15.1/STM32CubeIDE/plugins/com.st.stm32cube.ide.mcu.externaltools.gnu-tools-for-stm32.12.3.rel1.win32_1.0.100.202403111256/tools/bin/../lib/gcc/arm-none-eabi/12.3.1/../../../../arm-none-eabi/lib/thumb/v7-m/nofp\libc_nano.a(libc_a-nano-vfprintf_float.o) (_printf_common)
C:/ST/STM32CubeIDE_1.15.1/STM32CubeIDE/plugins/com.st.stm32cube.ide.mcu.externaltools.gnu-tools-for-stm32.12.3.rel1.win32_1.0.100.202403111256/tools/bin/../lib/gcc/arm-none-eabi/12.3.1/../../../../arm-none-eabi/lib/thumb/v7-m/nofp\libc_nano.a(libc_a-nano-vfscanf_float.o)
                              (_scanf_float)
C:/ST/STM32CubeIDE_1.15.1/STM32CubeIDE/plugins/com.st.stm32cube.ide.mcu.externaltools.gnu-tools-for-stm32.12.3.rel1.win32_1.0.100.202403111256/tools/bin/../lib/gcc/arm-none-eabi/12.3.1/../../../../arm-none-eabi/lib/thumb/v7-m/nofp\libc_nano.a(libc_a-findfp.o)
                              C:/ST/STM32CubeIDE_1.15.1/STM32CubeIDE/plugins/com.st.stm32cube.ide.mcu.externaltools.gnu-tools-for-stm32.12.3.rel1.win32_1.0.100.202403111256/tools/bin/../lib/gcc/arm-none-eabi/12.3.1/../../../../arm-none-eabi/lib/thumb/v7-m/nofp\libc_nano.a(libc_a-exit.o) (__stdio_exit_handler)
C:/ST/STM32CubeIDE_1.15.1/STM32CubeIDE/plugins/com.st.stm32cube.ide.mcu.externaltools.gnu-tools-for-stm32.12.3.rel1.win32_1.0.100.202403111256/tools/bin/../lib/gcc/arm-none-eabi/12.3.1/../../../../arm-none-eabi/lib/thumb/v7-m/nofp\libc_nano.a(libc_a-fwalk.o)
                              C:/ST/STM32CubeIDE_1.15.1/STM32CubeIDE/plugins/com.st.stm32cube.ide.mcu.externaltools.gnu-tools-for-stm32.12.3.rel1.win32_1.0.100.202403111256/tools/bin/../lib/gcc/arm-none-eabi/12.3.1/../../../../arm-none-eabi/lib/thumb/v7-m/nofp\libc_nano.a(libc_a-findfp.o) (_fwalk_sglue)
C:/ST/STM32CubeIDE_1.15.1/STM32CubeIDE/plugins/com.st.stm32cube.ide.mcu.externaltools.gnu-tools-for-stm32.12.3.rel1.win32_1.0.100.202403111256/tools/bin/../lib/gcc/arm-none-eabi/12.3.1/../../../../arm-none-eabi/lib/thumb/v7-m/nofp\libc_nano.a(libc_a-printf.o)
                              ./Core/Src/main.o (printf)
C:/ST/STM32CubeIDE_1.15.1/STM32CubeIDE/plugins/com.st.stm32cube.ide.mcu.externaltools.gnu-tools-for-stm32.12.3.rel1.win32_1.0.100.202403111256/tools/bin/../lib/gcc/arm-none-eabi/12.3.1/../../../../arm-none-eabi/lib/thumb/v7-m/nofp\libc_nano.a(libc_a-puts.o)
                              ./Core/Src/main.o (puts)
C:/ST/STM32CubeIDE_1.15.1/STM32CubeIDE/plugins/com.st.stm32cube.ide.mcu.externaltools.gnu-tools-for-stm32.12.3.rel1.win32_1.0.100.202403111256/tools/bin/../lib/gcc/arm-none-eabi/12.3.1/../../../../arm-none-eabi/lib/thumb/v7-m/nofp\libc_nano.a(libc_a-sprintf.o)
                              ./Core/Src/main.o (sprintf)
C:/ST/STM32CubeIDE_1.15.1/STM32CubeIDE/plugins/com.st.stm32cube.ide.mcu.externaltools.gnu-tools-for-stm32.12.3.rel1.win32_1.0.100.202403111256/tools/bin/../lib/gcc/arm-none-eabi/12.3.1/../../../../arm-none-eabi/lib/thumb/v7-m/nofp\libc_nano.a(libc_a-stdio.o)
                              C:/ST/STM32CubeIDE_1.15.1/STM32CubeIDE/plugins/com.st.stm32cube.ide.mcu.externaltools.gnu-tools-for-stm32.12.3.rel1.win32_1.0.100.202403111256/tools/bin/../lib/gcc/arm-none-eabi/12.3.1/../../../../arm-none-eabi/lib/thumb/v7-m/nofp\libc_nano.a(libc_a-findfp.o) (__sread)
C:/ST/STM32CubeIDE_1.15.1/STM32CubeIDE/plugins/com.st.stm32cube.ide.mcu.externaltools.gnu-tools-for-stm32.12.3.rel1.win32_1.0.100.202403111256/tools/bin/../lib/gcc/arm-none-eabi/12.3.1/../../../../arm-none-eabi/lib/thumb/v7-m/nofp\libc_nano.a(libc_a-wbuf.o)
[...]
Memory Configuration

Name             Origin             Length             Attributes
RAM              0x20000000         0x00014000         xrw
FLASH            0x08000000         0x00080000         xr
*default*        0x00000000         0xffffffff

Linker script and memory map

LOAD C:/ST/STM32CubeIDE_1.15.1/STM32CubeIDE/plugins/com.st.stm32cube.ide.mcu.externaltools.gnu-tools-for-stm32.12.3.rel1.win32_1.0.100.202403111256/tools/bin/../lib/gcc/arm-none-eabi/12.3.1/thumb/v7-m/nofp/crti.o
LOAD C:/ST/STM32CubeIDE_1.15.1/STM32CubeIDE/plugins/com.st.stm32cube.ide.mcu.externaltools.gnu-tools-for-stm32.12.3.rel1.win32_1.0.100.202403111256/tools/bin/../lib/gcc/arm-none-eabi/12.3.1/thumb/v7-m/nofp/crtbegin.o
LOAD C:/ST/STM32CubeIDE_1.15.1/STM32CubeIDE/plugins/com.st.stm32cube.ide.mcu.externaltools.gnu-tools-for-stm32.12.3.rel1.win32_1.0.100.202403111256/tools/bin/../lib/gcc/arm-none-eabi/12.3.1/../../../../arm-none-eabi/lib/thumb/v7-m/nofp/crt0.o
LOAD ./Core/Src/main.o
LOAD ./Core/Src/stm32l1xx_hal_msp.o
LOAD ./Core/Src/stm32l1xx_it.o
LOAD ./Core/Src/stm32l1xx_nucleo_bus.o
LOAD ./Core/Src/syscalls.o
LOAD ./Core/Src/sysmem.o
LOAD ./Core/Src/system_stm32l1xx.o
LOAD ./Core/Startup/startup_stm32l152retx.o
LOAD ./Drivers/BSP/Components/hts221/hts221.o
LOAD ./Drivers/BSP/Components/hts221/hts221_reg.o
LOAD ./Drivers/BSP/Components/lis2dw12/lis2dw12.o
LOAD ./Drivers/BSP/Components/lis2dw12/lis2dw12_reg.o
LOAD ./Drivers/BSP/Components/lis2mdl/lis2mdl.o
LOAD ./Drivers/BSP/Components/lis2mdl/lis2mdl_reg.o
LOAD ./Drivers/BSP/Components/lps22hh/lps22hh.o
LOAD ./Drivers/BSP/Components/lps22hh/lps22hh_reg.o
LOAD ./Drivers/BSP/Components/lsm6dso/lsm6dso.o
LOAD ./Drivers/BSP/Components/lsm6dso/lsm6dso_reg.o
LOAD ./Drivers/BSP/Components/stts751/stts751.o
LOAD ./Drivers/BSP/Components/stts751/stts751_reg.o
LOAD ./Drivers/BSP/IKS01A3/iks01a3_env_sensors.o
LOAD ./Drivers/BSP/IKS01A3/iks01a3_env_sensors_ex.o
LOAD ./Drivers/BSP/IKS01A3/iks01a3_motion_sensors.o
LOAD ./Drivers/BSP/IKS01A3/iks01a3_motion_sensors_ex.o
LOAD ./Drivers/STM32L1xx_HAL_Driver/Src/stm32l1xx_hal.o
LOAD ./Drivers/STM32L1xx_HAL_Driver/Src/stm32l1xx_hal_adc.o
LOAD ./Drivers/STM32L1xx_HAL_Driver/Src/stm32l1xx_hal_adc_ex.o
LOAD ./Drivers/STM32L1xx_HAL_Driver/Src/stm32l1xx_hal_cortex.o
LOAD ./Drivers/STM32L1xx_HAL_Driver/Src/stm32l1xx_hal_dma.o
LOAD ./Drivers/STM32L1xx_HAL_Driver/Src/stm32l1xx_hal_exti.o
LOAD ./Drivers/STM32L1xx_HAL_Driver/Src/stm32l1xx_hal_flash.o
LOAD ./Drivers/STM32L1xx_HAL_Driver/Src/stm32l1xx_hal_flash_ex.o
LOAD ./Drivers/STM32L1xx_HAL_Driver/Src/stm32l1xx_hal_flash_ramfunc.o
LOAD ./Drivers/STM32L1xx_HAL_Driver/Src/stm32l1xx_hal_gpio.o
LOAD ./Drivers/STM32L1xx_HAL_Driver/Src/stm32l1xx_hal_i2c.o
LOAD ./Drivers/STM32L1xx_HAL_Driver/Src/stm32l1xx_hal_pwr.o
LOAD ./Drivers/STM32L1xx_HAL_Driver/Src/stm32l1xx_hal_pwr_ex.o
LOAD ./Drivers/STM32L1xx_HAL_Driver/Src/stm32l1xx_hal_rcc.o
LOAD ./Drivers/STM32L1xx_HAL_Driver/Src/stm32l1xx_hal_rcc_ex.o
LOAD ./Drivers/STM32L1xx_HAL_Driver/Src/stm32l1xx_hal_spi.o
LOAD ./Drivers/STM32L1xx_HAL_Driver/Src/stm32l1xx_hal_tim.o
LOAD ./Drivers/STM32L1xx_HAL_Driver/Src/stm32l1xx_hal_tim_ex.o
LOAD ./Drivers/STM32L1xx_HAL_Driver/Src/stm32l1xx_hal_uart.o
LOAD ./Drivers/display/max7219_Yncrea2.o
START GROUP
LOAD C:/ST/STM32CubeIDE_1.15.1/STM32CubeIDE/plugins/com.st.stm32cube.ide.mcu.externaltools.gnu-tools-for-stm32.12.3.rel1.win32_1.0.100.202403111256/tools/bin/../lib/gcc/arm-none-eabi/12.3.1/../../../../arm-none-eabi/lib/thumb/v7-m/nofp\libc_nano.a
LOAD C:/ST/STM32CubeIDE_1.15.1/STM32CubeIDE/plugins/com.st.stm32cube.ide.mcu.externaltools.gnu-tools-for-stm32.12.3.rel1.win32_1.0.100.202403111256/tools/bin/../lib/gcc/arm-none-eabi/12.3.1/../../../../arm-none-eabi/lib/thumb/v7-m/nofp\libm.a
END GROUP
START GROUP
LOAD C:/ST/STM32CubeIDE_1.15.1/STM32CubeIDE/plugins/com.st.stm32cube.ide.mcu.externaltools.gnu-tools-for-stm32.12.3.rel1.win32_1.0.100.202403111256/tools/bin/../lib/gcc/arm-none-eabi/12.3.1/thumb/v7-m/nofp\libgcc.a
LOAD C:/ST/STM32CubeIDE_1.15.1/STM32CubeIDE/plugins/com.st.stm32cube.ide.mcu.externaltools.gnu-tools-for-stm32.12.3.rel1.win32_1.0.100.202403111256/tools/bin/../lib/gcc/arm-none-eabi/12.3.1/../../../../arm-none-eabi/lib/thumb/v7-m/nofp\libc_nano.a
END GROUP
START GROUP
LOAD C:/ST/STM32CubeIDE_1.15.1/STM32CubeIDE/plugins/com.st.stm32cube.ide.mcu.externaltools.gnu-tools-for-stm32.12.3.rel1.win32_1.0.100.202403111256/tools/bin/../lib/gcc/arm-none-eabi/12.3.1/thumb/v7-m/nofp\libgcc.a
LOAD C:/ST/STM32CubeIDE_1.15.1/STM32CubeIDE/plugins/com.st.stm32cube.ide.mcu.externaltools.gnu-tools-for-stm32.12.3.rel1.win32_1.0.100.202403111256/tools/bin/../lib/gcc/arm-none-eabi/12.3.1/../../../../arm-none-eabi/lib/thumb/v7-m/nofp\libc_nano.a
LOAD C:/ST/STM32CubeIDE_1.15.1/STM32CubeIDE/plugins/com.st.stm32cube.ide.mcu.externaltools.gnu-tools-for-stm32.12.3.rel1.win32_1.0.100.202403111256/tools/bin/../lib/gcc/arm-none-eabi/12.3.1/../../../../arm-none-eabi/lib/thumb/v7-m/nofp\libnosys.a
END GROUP
START GROUP
LOAD C:/ST/STM32CubeIDE_1.15.1/STM32CubeIDE/plugins/com.st.stm32cube.ide.mcu.externaltools.gnu-tools-for-stm32.12.3.rel1.win32_1.0.100.202403111256/tools/bin/../lib/gcc/arm-none-eabi/12.3.1/thumb/v7-m/nofp\libgcc.a
LOAD C:/ST/STM32CubeIDE_1.15.1/STM32CubeIDE/plugins/com.st.stm32cube.ide.mcu.externaltools.gnu-tools-for-stm32.12.3.rel1.win32_1.0.100.202403111256/tools/bin/../lib/gcc/arm-none-eabi/12.3.1/../../../../arm-none-eabi/lib/thumb/v7-m/nofp\libc_nano.a
LOAD C:/ST/STM32CubeIDE_1.15.1/STM32CubeIDE/plugins/com.st.stm32cube.ide.mcu.externaltools.gnu-tools-for-stm32.12.3.rel1.win32_1.0.100.202403111256/tools/bin/../lib/gcc/arm-none-eabi/12.3.1/../../../../arm-none-eabi/lib/thumb/v7-m/nofp\libnosys.a
END GROUP
LOAD C:/ST/STM32CubeIDE_1.15.1/STM32CubeIDE/plugins/com.st.stm32cube.ide.mcu.externaltools.gnu-tools-for-stm32.12.3.rel1.win32_1.0.100.202403111256/tools/bin/../lib/gcc/arm-none-eabi/12.3.1/thumb/v7-m/nofp/crtend.o
LOAD C:/ST/STM32CubeIDE_1.15.1/STM32CubeIDE/plugins/com.st.stm32cube.ide.mcu.externaltools.gnu-tools-for-stm32.12.3.rel1.win32_1.0.100.202403111256/tools/bin/../lib/gcc/arm-none-eabi/12.3.1/thumb/v7-m/nofp/crtn.o
                0x20014000                        _estack = (ORIGIN (RAM) + LENGTH (RAM))
                0x00000200                        _Min_Heap_Size = 0x200
                0x00000400                        _Min_Stack_Size = 0x400

.isr_vector     0x08000000      0x13c
                0x08000000                        . = ALIGN (0x4)
 *(.isr_vector)
 .isr_vector    0x08000000      0x13c ./Core/Startup/startup_stm32l152retx.o
                0x08000000                g_pfnVectors
                0x0800013c                        . = ALIGN (0x4)

.text           0x08000140    0x14344
                0x08000140                        . = ALIGN (0x4)
 *(.text)
 .text          0x08000140       0x40 C:/ST/STM32CubeIDE_1.15.1/STM32CubeIDE/plugins/com.st.stm32cube.ide.mcu.externaltools.gnu-tools-for-stm32.12.3.rel1.win32_1.0.100.202403111256/tools/bin/../lib/gcc/arm-none-eabi/12.3.1/thumb/v7-m/nofp/crtbegin.o
 .text          0x08000180       0x10 C:/ST/STM32CubeIDE_1.15.1/STM32CubeIDE/plugins/com.st.stm32cube.ide.mcu.externaltools.gnu-tools-for-stm32.12.3.rel1.win32_1.0.100.202403111256/tools/bin/../lib/gcc/arm-none-eabi/12.3.1/../../../../arm-none-eabi/lib/thumb/v7-m/nofp\libc_nano.a(libc_a-strlen.o)
                0x08000180                strlen
 .text          0x08000190      0x378 C:/ST/STM32CubeIDE_1.15.1/STM32CubeIDE/plugins/com.st.stm32cube.ide.mcu.externaltools.gnu-tools-for-stm32.12.3.rel1.win32_1.0.100.202403111256/tools/bin/../lib/gcc/arm-none-eabi/12.3.1/thumb/v7-m/nofp\libgcc.a(_arm_addsubdf3.o)
                0x08000190                __aeabi_drsub
                0x08000198                __aeabi_dsub
                0x08000198                __subdf3
                0x0800019c                __aeabi_dadd
                0x0800019c                __adddf3
                0x08000414                __floatunsidf
                0x08000414                __aeabi_ui2d
                0x08000434                __floatsidf
                0x08000434                __aeabi_i2d
                0x08000458                __aeabi_f2d
                0x08000458                __extendsfdf2
                0x0800049c                __floatundidf
                0x0800049c                __aeabi_ul2d
                0x080004ac                __floatdidf
                0x080004ac                __aeabi_l2d
 .text          0x08000508      0x424 C:/ST/STM32CubeIDE_1.15.1/STM32CubeIDE/plugins/com.st.stm32cube.ide.mcu.externaltools.gnu-tools-for-stm32.12.3.rel1.win32_1.0.100.202403111256/tools/bin/../lib/gcc/arm-none-eabi/12.3.1/thumb/v7-m/nofp\libgcc.a(_arm_muldivdf3.o)
                0x08000508                __aeabi_dmul
                0x08000508                __muldf3
                0x0800075c                __divdf3
                0x0800075c                __aeabi_ddiv
 .text          0x0800092c      0x110 C:/ST/STM32CubeIDE_1.15.1/STM32CubeIDE/plugins/com.st.stm32cube.ide.mcu.externaltools.gnu-tools-for-stm32.12.3.rel1.win32_1.0.100.202403111256/tools/bin/../lib/gcc/arm-none-eabi/12.3.1/thumb/v7-m/nofp\libgcc.a(_arm_cmpdf2.o)
                0x0800092c                __gtdf2
                0x0800092c                __gedf2
                0x08000934                __ltdf2
                0x08000934                __ledf2
                0x0800093c                __nedf2
                0x0800093c                __eqdf2
                0x0800093c                __cmpdf2
                0x080009b8                __aeabi_cdrcmple
                0x080009c8                __aeabi_cdcmpeq
                0x080009c8                __aeabi_cdcmple
                0x080009d8                __aeabi_dcmpeq
                0x080009ec                __aeabi_dcmplt
                0x08000a00                __aeabi_dcmple
                0x08000a14                __aeabi_dcmpge
                0x08000a28                __aeabi_dcmpgt
 .text          0x08000a3c       0x2c C:/ST/STM32CubeIDE_1.15.1/STM32CubeIDE/plugins/com.st.stm32cube.ide.mcu.externaltools.gnu-tools-for-stm32.12.3.rel1.win32_1.0.100.202403111256/tools/bin/../lib/gcc/arm-none-eabi/12.3.1/thumb/v7-m/nofp\libgcc.a(_arm_unorddf2.o)
                0x08000a3c                __unorddf2
                0x08000a3c                __aeabi_dcmpun
 .text          0x08000a68       0x50 C:/ST/STM32CubeIDE_1.15.1/STM32CubeIDE/plugins/com.st.stm32cube.ide.mcu.externaltools.gnu-tools-for-stm32.12.3.rel1.win32_1.0.100.202403111256/tools/bin/../lib/gcc/arm-none-eabi/12.3.1/thumb/v7-m/nofp\libgcc.a(_arm_fixdfsi.o)
                0x08000a68                __aeabi_d2iz
                0x08000a68                __fixdfsi
 .text          0x08000ab8       0x40 C:/ST/STM32CubeIDE_1.15.1/STM32CubeIDE/plugins/com.st.stm32cube.ide.mcu.externaltools.gnu-tools-for-stm32.12.3.rel1.win32_1.0.100.202403111256/tools/bin/../lib/gcc/arm-none-eabi/12.3.1/thumb/v7-m/nofp\libgcc.a(_arm_fixunsdfsi.o)
                0x08000ab8                __aeabi_d2uiz
                0x08000ab8                __fixunsdfsi
 .text          0x08000af8       0xa0 C:/ST/STM32CubeIDE_1.15.1/STM32CubeIDE/plugins/com.st.stm32cube.ide.mcu.externaltools.gnu-tools-for-stm32.12.3.rel1.win32_1.0.100.202403111256/tools/bin/../lib/gcc/arm-none-eabi/12.3.1/thumb/v7-m/nofp\libgcc.a(_arm_truncdfsf2.o)
                0x08000af8                __truncdfsf2
                0x08000af8                __aeabi_d2f
 .text          0x08000b98      0x21c C:/ST/STM32CubeIDE_1.15.1/STM32CubeIDE/plugins/com.st.stm32cube.ide.mcu.externaltools.gnu-tools-for-stm32.12.3.rel1.win32_1.0.100.202403111256/tools/bin/../lib/gcc/arm-none-eabi/12.3.1/thumb/v7-m/nofp\libgcc.a(_arm_addsubsf3.o)
                0x08000b98                __aeabi_frsub
                0x08000ba0                __subsf3
                0x08000ba0                __aeabi_fsub
                0x08000ba4                __aeabi_fadd
                0x08000ba4                __addsf3
                0x08000d04                __aeabi_ui2f
                0x08000d04                __floatunsisf
                0x08000d0c                __aeabi_i2f
                0x08000d0c                __floatsisf
                0x08000d28                __aeabi_ul2f
                0x08000d28                __floatundisf
                0x08000d38                __aeabi_l2f
                0x08000d38                __floatdisf
 .text          0x08000db4      0x2a0 C:/ST/STM32CubeIDE_1.15.1/STM32CubeIDE/plugins/com.st.stm32cube.ide.mcu.externaltools.gnu-tools-for-stm32.12.3.rel1.win32_1.0.100.202403111256/tools/bin/../lib/gcc/arm-none-eabi/12.3.1/thumb/v7-m/nofp\libgcc.a(_arm_muldivsf3.o)
                0x08000db4                __mulsf3
                0x08000db4                __aeabi_fmul
                0x08000f1c                __aeabi_fdiv
                0x08000f1c                __divsf3
 .text          0x08001054       0xec C:/ST/STM32CubeIDE_1.15.1/STM32CubeIDE/plugins/com.st.stm32cube.ide.mcu.externaltools.gnu-tools-for-stm32.12.3.rel1.win32_1.0.100.202403111256/tools/bin/../lib/gcc/arm-none-eabi/12.3.1/thumb/v7-m/nofp\libgcc.a(_arm_cmpsf2.o)
                0x08001054                __gesf2
                0x08001054                __gtsf2
                0x0800105c                __lesf2
                0x0800105c                __ltsf2
                0x08001064                __nesf2
                0x08001064                __eqsf2
                0x08001064                __cmpsf2
                0x080010c4                __aeabi_cfrcmple
                0x080010cc                __aeabi_cfcmpeq
                0x080010cc                __aeabi_cfcmple
                0x080010dc                __aeabi_fcmpeq
                0x080010f0                __aeabi_fcmplt
                0x08001104                __aeabi_fcmple
                0x08001118                __aeabi_fcmpge
                0x0800112c                __aeabi_fcmpgt
 .text          0x08001140       0x4c C:/ST/STM32CubeIDE_1.15.1/STM32CubeIDE/plugins/com.st.stm32cube.ide.mcu.externaltools.gnu-tools-for-stm32.12.3.rel1.win32_1.0.100.202403111256/tools/bin/../lib/gcc/arm-none-eabi/12.3.1/thumb/v7-m/nofp\libgcc.a(_arm_fixsfsi.o)
                0x08001140                __aeabi_f2iz
                0x08001140                __fixsfsi
 .text          0x0800118c       0x30 C:/ST/STM32CubeIDE_1.15.1/STM32CubeIDE/plugins/com.st.stm32cube.ide.mcu.externaltools.gnu-tools-for-stm32.12.3.rel1.win32_1.0.100.202403111256/tools/bin/../lib/gcc/arm-none-eabi/12.3.1/thumb/v7-m/nofp\libgcc.a(_aeabi_uldivmod.o)
                0x0800118c                __aeabi_uldivmod
 .text          0x080011bc       0x30 C:/ST/STM32CubeIDE_1.15.1/STM32CubeIDE/plugins/com.st.stm32cube.ide.mcu.externaltools.gnu-tools-for-stm32.12.3.rel1.win32_1.0.100.202403111256/tools/bin/../lib/gcc/arm-none-eabi/12.3.1/thumb/v7-m/nofp\libgcc.a(_fixdfdi.o)
                0x080011bc                __fixdfdi
                0x080011bc                __aeabi_d2lz
 .text          0x080011ec       0x3c C:/ST/STM32CubeIDE_1.15.1/STM32CubeIDE/plugins/com.st.stm32cube.ide.mcu.externaltools.gnu-tools-for-stm32.12.3.rel1.win32_1.0.100.202403111256/tools/bin/../lib/gcc/arm-none-eabi/12.3.1/thumb/v7-m/nofp\libgcc.a(_fixunsdfdi.o)
                0x080011ec                __fixunsdfdi
                0x080011ec                __aeabi_d2ulz
 .text          0x08001228      0x2b8 C:/ST/STM32CubeIDE_1.15.1/STM32CubeIDE/plugins/com.st.stm32cube.ide.mcu.externaltools.gnu-tools-for-stm32.12.3.rel1.win32_1.0.100.202403111256/tools/bin/../lib/gcc/arm-none-eabi/12.3.1/thumb/v7-m/nofp\libgcc.a(_udivmoddi4.o)
                0x08001228                __udivmoddi4
 .text          0x080014e0        0x4 C:/ST/STM32CubeIDE_1.15.1/STM32CubeIDE/plugins/com.st.stm32cube.ide.mcu.externaltools.gnu-tools-for-stm32.12.3.rel1.win32_1.0.100.202403111256/tools/bin/../lib/gcc/arm-none-eabi/12.3.1/thumb/v7-m/nofp\libgcc.a(_dvmd_tls.o)
                0x080014e0                __aeabi_idiv0
                0x080014e0                __aeabi_ldiv0
 *(.text*)
 .text.ITM_SendChar
                0x080014e4       0x4c ./Core/Src/main.o
 .text.main     0x08001530      0x410 ./Core/Src/main.o
                0x08001530                main
 .text.SystemClock_Config
                0x08001940       0x9c ./Core/Src/main.o
                0x08001940                SystemClock_Config
 .text.MX_ADC_Init
                0x080019dc       0xf4 ./Core/Src/main.o
 .text.MX_SPI1_Init
                0x08001ad0       0x6c ./Core/Src/main.o
 .text.MX_TIM2_Init
                0x08001b3c       0x98 ./Core/Src/main.o
 .text.MX_TIM3_Init
                0x08001bd4      0x104 ./Core/Src/main.o
 .text.MX_USART2_UART_Init
                0x08001cd8       0x54 ./Core/Src/main.o
 .text.MX_GPIO_Init
                0x08001d2c      0x12c ./Core/Src/main.o
 .text.switchLedAll
                0x08001e58      0x3f8 ./Core/Src/main.o
                0x08001e58                switchLedAll
 .text.extinction_leds
                0x08002250       0x68 ./Core/Src/main.o
                0x08002250                extinction_leds
 .text.clignotement_leds
                0x080022b8       0x7c ./Core/Src/main.o
                0x080022b8                clignotement_leds
 .text.__io_putchar
                0x08002334       0x2c ./Core/Src/main.o
                0x08002334                __io_putchar
 .text.conversion_press_alt
                0x08002360       0xc0 ./Core/Src/main.o
                0x08002360                conversion_press_alt
 .text.affichage_pression
                0x08002420       0x48 ./Core/Src/main.o
                0x08002420                affichage_pression
 .text.angle_plane
                0x08002468       0xa4 ./Core/Src/main.o
                0x08002468                angle_plane
 .text.ON_OFF_Projet
                0x0800250c       0x14 ./Core/Src/main.o
                0x0800250c                ON_OFF_Projet
 .text.adcFunction
                0x08002520       0xc8 ./Core/Src/main.o
                0x08002520                adcFunction
 .text.Error_Handler
                0x080025e8        0xc ./Core/Src/main.o
                0x080025e8                Error_Handler
 .text.HAL_MspInit
                0x080025f4       0x60 ./Core/Src/stm32l1xx_hal_msp.o
                0x080025f4                HAL_MspInit
 .text.HAL_ADC_MspInit
                0x08002654       0x90 ./Core/Src/stm32l1xx_hal_msp.o
                0x08002654                HAL_ADC_MspInit
 .text.HAL_SPI_MspInit
                0x080026e4       0x88 ./Core/Src/stm32l1xx_hal_msp.o
                0x080026e4                HAL_SPI_MspInit
 .text.HAL_TIM_Base_MspInit
                0x0800276c       0x60 ./Core/Src/stm32l1xx_hal_msp.o
                0x0800276c                HAL_TIM_Base_MspInit
 .text.HAL_TIM_MspPostInit
                0x080027cc       0xac ./Core/Src/stm32l1xx_hal_msp.o
                0x080027cc                HAL_TIM_MspPostInit
 .text.HAL_UART_MspInit
                0x08002878       0x88 ./Core/Src/stm32l1xx_hal_msp.o
                0x08002878                HAL_UART_MspInit
 .text.NMI_Handler
                0x08002900        0x8 ./Core/Src/stm32l1xx_it.o
                0x08002900                NMI_Handler
 .text.HardFault_Handler
                0x08002908        0x8 ./Core/Src/stm32l1xx_it.o
                0x08002908                HardFault_Handler
 .text.MemManage_Handler
                0x08002910        0x8 ./Core/Src/stm32l1xx_it.o
                0x08002910                MemManage_Handler
 .text.BusFault_Handler
                0x08002918        0x8 ./Core/Src/stm32l1xx_it.o
                0x08002918                BusFault_Handler
 .text.UsageFault_Handler
                0x08002920        0x8 ./Core/Src/stm32l1xx_it.o
                0x08002920                UsageFault_Handler
 .text.SVC_Handler
                0x08002928        0xc ./Core/Src/stm32l1xx_it.o
                0x08002928                SVC_Handler
 .text.DebugMon_Handler
                0x08002934        0xc ./Core/Src/stm32l1xx_it.o
                0x08002934                DebugMon_Handler
 .text.PendSV_Handler
                0x08002940        0xc ./Core/Src/stm32l1xx_it.o
                0x08002940                PendSV_Handler
 .text.SysTick_Handler
                0x0800294c        0xc ./Core/Src/stm32l1xx_it.o
                0x0800294c                SysTick_Handler
 .text.ADC1_IRQHandler
                0x08002958       0x14 ./Core/Src/stm32l1xx_it.o
                0x08002958                ADC1_IRQHandler
 .text.EXTI15_10_IRQHandler
                0x0800296c       0x5c ./Core/Src/stm32l1xx_it.o
                0x0800296c                EXTI15_10_IRQHandler
 .text.HAL_GPIO_EXTI_Callback
                0x080029c8       0x5c ./Core/Src/stm32l1xx_it.o
                0x080029c8                HAL_GPIO_EXTI_Callback
 .text.BSP_I2C1_Init
                0x08002a24       0x64 ./Core/Src/stm32l1xx_nucleo_bus.o
                0x08002a24                BSP_I2C1_Init
 .text.BSP_I2C1_DeInit
                0x08002a88       0x50 ./Core/Src/stm32l1xx_nucleo_bus.o
                0x08002a88                BSP_I2C1_DeInit
 .text.BSP_I2C1_WriteReg
                0x08002ad8       0x64 ./Core/Src/stm32l1xx_nucleo_bus.o
                0x08002ad8                BSP_I2C1_WriteReg
 .text.BSP_I2C1_ReadReg
                0x08002b3c       0x64 ./Core/Src/stm32l1xx_nucleo_bus.o
                0x08002b3c                BSP_I2C1_ReadReg
 .text.BSP_GetTick
                0x08002ba0        0xe ./Core/Src/stm32l1xx_nucleo_bus.o
                0x08002ba0                BSP_GetTick
 *fill*         0x08002bae        0x2 
 .text.MX_I2C1_Init
                0x08002bb0       0x68 ./Core/Src/stm32l1xx_nucleo_bus.o
                0x08002bb0                MX_I2C1_Init
 .text.I2C1_MspInit
                0x08002c18       0x8c ./Core/Src/stm32l1xx_nucleo_bus.o
 .text.I2C1_MspDeInit
                0x08002ca4       0x38 ./Core/Src/stm32l1xx_nucleo_bus.o
 .text._getpid  0x08002cdc        0xe ./Core/Src/syscalls.o
                0x08002cdc                _getpid
 .text._kill    0x08002cea       0x20 ./Core/Src/syscalls.o
                0x08002cea                _kill
 .text._exit    0x08002d0a       0x16 ./Core/Src/syscalls.o
                0x08002d0a                _exit
 .text._read    0x08002d20       0x3a ./Core/Src/syscalls.o
                0x08002d20                _read
 .text._write   0x08002d5a       0x38 ./Core/Src/syscalls.o
                0x08002d5a                _write
 .text._close   0x08002d92       0x16 ./Core/Src/syscalls.o
                0x08002d92                _close
 .text._fstat   0x08002da8       0x1e ./Core/Src/syscalls.o
                0x08002da8                _fstat
 .text._isatty  0x08002dc6       0x14 ./Core/Src/syscalls.o
                0x08002dc6                _isatty
 .text._lseek   0x08002dda       0x18 ./Core/Src/syscalls.o
                0x08002dda                _lseek
 *fill*         0x08002df2        0x2 
 .text._sbrk    0x08002df4       0x6c ./Core/Src/sysmem.o
                0x08002df4                _sbrk
 .text.SystemInit
                0x08002e60        0xc ./Core/Src/system_stm32l1xx.o
                0x08002e60                SystemInit
 .text.Reset_Handler
                0x08002e6c       0x48 ./Core/Startup/startup_stm32l152retx.o
                0x08002e6c                Reset_Handler
 .text.Default_Handler
                0x08002eb4        0x2 ./Core/Startup/startup_stm32l152retx.o
                0x08002eb4                RTC_Alarm_IRQHandler
                0x08002eb4                EXTI2_IRQHandler
                0x08002eb4                COMP_ACQ_IRQHandler
                0x08002eb4                TIM10_IRQHandler
                0x08002eb4                USB_HP_IRQHandler
                0x08002eb4                TIM6_IRQHandler
                0x08002eb4                PVD_IRQHandler
                0x08002eb4                EXTI3_IRQHandler
                0x08002eb4                EXTI0_IRQHandler
                0x08002eb4                I2C2_EV_IRQHandler
                0x08002eb4                SPI1_IRQHandler
                0x08002eb4                USB_FS_WKUP_IRQHandler
                0x08002eb4                DMA2_Channel2_IRQHandler
                0x08002eb4                DMA1_Channel4_IRQHandler
                0x08002eb4                USART3_IRQHandler
                0x08002eb4                DMA1_Channel7_IRQHandler
                0x08002eb4                LCD_IRQHandler
                0x08002eb4                UART5_IRQHandler
                0x08002eb4                TIM4_IRQHandler
                0x08002eb4                DMA2_Channel1_IRQHandler
                0x08002eb4                I2C1_EV_IRQHandler
                0x08002eb4                DMA1_Channel6_IRQHandler
                0x08002eb4                UART4_IRQHandler
                0x08002eb4                DMA2_Channel4_IRQHandler
                0x08002eb4                TIM3_IRQHandler
                0x08002eb4                RCC_IRQHandler
                0x08002eb4                DMA1_Channel1_IRQHandler
                0x08002eb4                Default_Handler
                0x08002eb4                TIM7_IRQHandler
                0x08002eb4                TIM5_IRQHandler
                0x08002eb4                EXTI9_5_IRQHandler
                0x08002eb4                TIM9_IRQHandler
                0x08002eb4                TAMPER_STAMP_IRQHandler
                0x08002eb4                RTC_WKUP_IRQHandler
                0x08002eb4                SPI2_IRQHandler
                0x08002eb4                DMA2_Channel5_IRQHandler
                0x08002eb4                DMA1_Channel5_IRQHandler
                0x08002eb4                USB_LP_IRQHandler
                0x08002eb4                EXTI4_IRQHandler
                0x08002eb4                DMA1_Channel3_IRQHandler
                0x08002eb4                COMP_IRQHandler
                0x08002eb4                WWDG_IRQHandler
                0x08002eb4                TIM2_IRQHandler
                0x08002eb4                DAC_IRQHandler
                0x08002eb4                EXTI1_IRQHandler
                0x08002eb4                TIM11_IRQHandler
                0x08002eb4                USART2_IRQHandler
                0x08002eb4                I2C2_ER_IRQHandler
                0x08002eb4                DMA1_Channel2_IRQHandler
                0x08002eb4                FLASH_IRQHandler
                0x08002eb4                USART1_IRQHandler
                0x08002eb4                SPI3_IRQHandler
                0x08002eb4                I2C1_ER_IRQHandler
                0x08002eb4                DMA2_Channel3_IRQHandler
 *fill*         0x08002eb6        0x2 
 .text.HTS221_RegisterBusIO
                0x08002eb8       0x94 ./Drivers/BSP/Components/hts221/hts221.o
                0x08002eb8                HTS221_RegisterBusIO
 .text.HTS221_Init
                0x08002f4c       0x36 ./Drivers/BSP/Components/hts221/hts221.o
                0x08002f4c                HTS221_Init
 .text.HTS221_DeInit
                0x08002f82       0x48 ./Drivers/BSP/Components/hts221/hts221.o
                0x08002f82                HTS221_DeInit
 .text.HTS221_ReadID
                0x08002fca       0x2c ./Drivers/BSP/Components/hts221/hts221.o
                0x08002fca                HTS221_ReadID
 *fill*         0x08002ff6        0x2 
 .text.HTS221_GetCapabilities
                0x08002ff8       0x54 ./Drivers/BSP/Components/hts221/hts221.o
                0x08002ff8                HTS221_GetCapabilities
 .text.HTS221_HUM_Enable
                0x0800304c       0x4a ./Drivers/BSP/Components/hts221/hts221.o
                0x0800304c                HTS221_HUM_Enable
 .text.HTS221_HUM_Disable
                0x08003096       0x4a ./Drivers/BSP/Components/hts221/hts221.o
                0x08003096                HTS221_HUM_Disable
 .text.HTS221_HUM_GetOutputDataRate
                0x080030e0       0x1c ./Drivers/BSP/Components/hts221/hts221.o
                0x080030e0                HTS221_HUM_GetOutputDataRate
 .text.HTS221_HUM_SetOutputDataRate
                0x080030fc       0x1c ./Drivers/BSP/Components/hts221/hts221.o
                0x080030fc                HTS221_HUM_SetOutputDataRate
 .text.HTS221_HUM_GetHumidity
                0x08003118      0x108 ./Drivers/BSP/Components/hts221/hts221.o
                0x08003118                HTS221_HUM_GetHumidity
 .text.HTS221_TEMP_Enable
                0x08003220       0x4a ./Drivers/BSP/Components/hts221/hts221.o
                0x08003220                HTS221_TEMP_Enable
 .text.HTS221_TEMP_Disable
                0x0800326a       0x4a ./Drivers/BSP/Components/hts221/hts221.o
                0x0800326a                HTS221_TEMP_Disable
 .text.HTS221_TEMP_GetOutputDataRate
                0x080032b4       0x1c ./Drivers/BSP/Components/hts221/hts221.o
                0x080032b4                HTS221_TEMP_GetOutputDataRate
 .text.HTS221_TEMP_SetOutputDataRate
                0x080032d0       0x1c ./Drivers/BSP/Components/hts221/hts221.o
                0x080032d0                HTS221_TEMP_SetOutputDataRate
 .text.HTS221_TEMP_GetTemperature
                0x080032ec       0xce ./Drivers/BSP/Components/hts221/hts221.o
                0x080032ec                HTS221_TEMP_GetTemperature
 *fill*         0x080033ba        0x2 
 .text.HTS221_GetOutputDataRate
                0x080033bc       0x88 ./Drivers/BSP/Components/hts221/hts221.o
 .text.HTS221_SetOutputDataRate
                0x08003444       0x5c ./Drivers/BSP/Components/hts221/hts221.o
 .text.HTS221_Initialize
                0x080034a0       0x58 ./Drivers/BSP/Components/hts221/hts221.o
 .text.Linear_Interpolation
                0x080034f8       0x88 ./Drivers/BSP/Components/hts221/hts221.o
 .text.ReadRegWrap
                0x08003580       0x62 ./Drivers/BSP/Components/hts221/hts221.o
 .text.WriteRegWrap
                0x080035e2       0x62 ./Drivers/BSP/Components/hts221/hts221.o
 .text.hts221_read_reg
                0x08003644       0x30 ./Drivers/BSP/Components/hts221/hts221_reg.o
                0x08003644                hts221_read_reg
 .text.hts221_write_reg
                0x08003674       0x30 ./Drivers/BSP/Components/hts221/hts221_reg.o
                0x08003674                hts221_write_reg
 .text.hts221_data_rate_set
                0x080036a4       0x4c ./Drivers/BSP/Components/hts221/hts221_reg.o
                0x080036a4                hts221_data_rate_set
 .text.hts221_data_rate_get
                0x080036f0       0x70 ./Drivers/BSP/Components/hts221/hts221_reg.o
                0x080036f0                hts221_data_rate_get
 .text.hts221_block_data_update_set
                0x08003760       0x4c ./Drivers/BSP/Components/hts221/hts221_reg.o
                0x08003760                hts221_block_data_update_set
 .text.hts221_humidity_raw_get
                0x080037ac       0x44 ./Drivers/BSP/Components/hts221/hts221_reg.o
                0x080037ac                hts221_humidity_raw_get
 .text.hts221_temperature_raw_get
                0x080037f0       0x44 ./Drivers/BSP/Components/hts221/hts221_reg.o
                0x080037f0                hts221_temperature_raw_get
 .text.hts221_device_id_get
                0x08003834       0x22 ./Drivers/BSP/Components/hts221/hts221_reg.o
                0x08003834                hts221_device_id_get
 .text.hts221_power_on_set
                0x08003856       0x4c ./Drivers/BSP/Components/hts221/hts221_reg.o
                0x08003856                hts221_power_on_set
 .text.hts221_hum_rh_point_0_get
                0x080038a2       0x40 ./Drivers/BSP/Components/hts221/hts221_reg.o
                0x080038a2                hts221_hum_rh_point_0_get
 .text.hts221_hum_rh_point_1_get
                0x080038e2       0x40 ./Drivers/BSP/Components/hts221/hts221_reg.o
                0x080038e2                hts221_hum_rh_point_1_get
 .text.hts221_temp_deg_point_0_get
                0x08003922       0x66 ./Drivers/BSP/Components/hts221/hts221_reg.o
                0x08003922                hts221_temp_deg_point_0_get
 .text.hts221_temp_deg_point_1_get
                0x08003988       0x66 ./Drivers/BSP/Components/hts221/hts221_reg.o
                0x08003988                hts221_temp_deg_point_1_get
 .text.hts221_hum_adc_point_0_get
                0x080039ee       0x42 ./Drivers/BSP/Components/hts221/hts221_reg.o
                0x080039ee                hts221_hum_adc_point_0_get
 .text.hts221_hum_adc_point_1_get
                0x08003a30       0x42 ./Drivers/BSP/Components/hts221/hts221_reg.o
                0x08003a30                hts221_hum_adc_point_1_get
 .text.hts221_temp_adc_point_0_get
                0x08003a72       0x42 ./Drivers/BSP/Components/hts221/hts221_reg.o
                0x08003a72                hts221_temp_adc_point_0_get
 .text.hts221_temp_adc_point_1_get
                0x08003ab4       0x42 ./Drivers/BSP/Components/hts221/hts221_reg.o
                0x08003ab4                hts221_temp_adc_point_1_get
 *fill*         0x08003af6        0x2 
 .text.LIS2DW12_RegisterBusIO
                0x08003af8       0xd4 ./Drivers/BSP/Components/lis2dw12/lis2dw12.o
                0x08003af8                LIS2DW12_RegisterBusIO
 .text.LIS2DW12_Init
                0x08003bcc       0xc4 ./Drivers/BSP/Components/lis2dw12/lis2dw12.o
                0x08003bcc                LIS2DW12_Init
 .text.LIS2DW12_DeInit
                0x08003c90       0x44 ./Drivers/BSP/Components/lis2dw12/lis2dw12.o
                0x08003c90                LIS2DW12_DeInit
 .text.LIS2DW12_ReadID
                0x08003cd4       0x2c ./Drivers/BSP/Components/lis2dw12/lis2dw12.o
                0x08003cd4                LIS2DW12_ReadID
 .text.LIS2DW12_GetCapabilities
                0x08003d00       0x5c ./Drivers/BSP/Components/lis2dw12/lis2dw12.o
                0x08003d00                LIS2DW12_GetCapabilities
 .text.LIS2DW12_ACC_Enable
                0x08003d5c       0x4a ./Drivers/BSP/Components/lis2dw12/lis2dw12.o
                0x08003d5c                LIS2DW12_ACC_Enable
 .text.LIS2DW12_ACC_Disable
                0x08003da6       0x40 ./Drivers/BSP/Components/lis2dw12/lis2dw12.o
                0x08003da6                LIS2DW12_ACC_Disable
 *fill*         0x08003de6        0x2 
 .text.LIS2DW12_ACC_GetSensitivity
                0x08003de8      0x150 ./Drivers/BSP/Components/lis2dw12/lis2dw12.o
                0x08003de8                LIS2DW12_ACC_GetSensitivity
 .text.LIS2DW12_ACC_GetOutputDataRate
                0x08003f38      0x2fc ./Drivers/BSP/Components/lis2dw12/lis2dw12.o
                0x08003f38                LIS2DW12_ACC_GetOutputDataRate
 .text.LIS2DW12_ACC_SetOutputDataRate
                0x08004234       0x20 ./Drivers/BSP/Components/lis2dw12/lis2dw12.o
                0x08004234                LIS2DW12_ACC_SetOutputDataRate
 .text.LIS2DW12_ACC_SetOutputDataRate_With_Mode
                0x08004254       0x46 ./Drivers/BSP/Components/lis2dw12/lis2dw12.o
                0x08004254                LIS2DW12_ACC_SetOutputDataRate_With_Mode
 *fill*         0x0800429a        0x2 
 .text.LIS2DW12_ACC_GetFullScale
                0x0800429c       0x84 ./Drivers/BSP/Components/lis2dw12/lis2dw12.o
                0x0800429c                LIS2DW12_ACC_GetFullScale
 .text.LIS2DW12_ACC_SetFullScale
                0x08004320       0x50 ./Drivers/BSP/Components/lis2dw12/lis2dw12.o
                0x08004320                LIS2DW12_ACC_SetFullScale
 .text.LIS2DW12_ACC_GetAxesRaw
                0x08004370      0x104 ./Drivers/BSP/Components/lis2dw12/lis2dw12.o
                0x08004370                LIS2DW12_ACC_GetAxesRaw
 .text.LIS2DW12_ACC_GetAxes
                0x08004474       0xb6 ./Drivers/BSP/Components/lis2dw12/lis2dw12.o
                0x08004474                LIS2DW12_ACC_GetAxes
 .text.LIS2DW12_Write_Reg
                0x0800452a       0x36 ./Drivers/BSP/Components/lis2dw12/lis2dw12.o
                0x0800452a                LIS2DW12_Write_Reg
 .text.LIS2DW12_ACC_SetOutputDataRate_When_Enabled
                0x08004560      0x204 ./Drivers/BSP/Components/lis2dw12/lis2dw12.o
 .text.LIS2DW12_ACC_SetOutputDataRate_When_Disabled
                0x08004764       0xec ./Drivers/BSP/Components/lis2dw12/lis2dw12.o
 .text.ReadRegWrap
                0x08004850       0x36 ./Drivers/BSP/Components/lis2dw12/lis2dw12.o
 .text.WriteRegWrap
                0x08004886       0x36 ./Drivers/BSP/Components/lis2dw12/lis2dw12.o
 .text.lis2dw12_read_reg
                0x080048bc       0x30 ./Drivers/BSP/Components/lis2dw12/lis2dw12_reg.o
                0x080048bc                lis2dw12_read_reg
 .text.lis2dw12_write_reg
                0x080048ec       0x30 ./Drivers/BSP/Components/lis2dw12/lis2dw12_reg.o
                0x080048ec                lis2dw12_write_reg
 .text.lis2dw12_power_mode_set
                0x0800491c       0x9c ./Drivers/BSP/Components/lis2dw12/lis2dw12_reg.o
                0x0800491c                lis2dw12_power_mode_set
 .text.lis2dw12_power_mode_get
                0x080049b8      0x174 ./Drivers/BSP/Components/lis2dw12/lis2dw12_reg.o
                0x080049b8                lis2dw12_power_mode_get
 .text.lis2dw12_data_rate_set
                0x08004b2c       0x8a ./Drivers/BSP/Components/lis2dw12/lis2dw12_reg.o
                0x08004b2c                lis2dw12_data_rate_set
 *fill*         0x08004bb6        0x2 
 .text.lis2dw12_data_rate_get
                0x08004bb8      0x194 ./Drivers/BSP/Components/lis2dw12/lis2dw12_reg.o
                0x08004bb8                lis2dw12_data_rate_get
 .text.lis2dw12_block_data_update_set
                0x08004d4c       0x4c ./Drivers/BSP/Components/lis2dw12/lis2dw12_reg.o
                0x08004d4c                lis2dw12_block_data_update_set
 .text.lis2dw12_full_scale_set
                0x08004d98       0x4c ./Drivers/BSP/Components/lis2dw12/lis2dw12_reg.o
                0x08004d98                lis2dw12_full_scale_set
 .text.lis2dw12_full_scale_get
                0x08004de4       0x70 ./Drivers/BSP/Components/lis2dw12/lis2dw12_reg.o
                0x08004de4                lis2dw12_full_scale_get
 .text.lis2dw12_acceleration_raw_get
                0x08004e54       0x90 ./Drivers/BSP/Components/lis2dw12/lis2dw12_reg.o
                0x08004e54                lis2dw12_acceleration_raw_get
 .text.lis2dw12_device_id_get
                0x08004ee4       0x22 ./Drivers/BSP/Components/lis2dw12/lis2dw12_reg.o
                0x08004ee4                lis2dw12_device_id_get
 .text.lis2dw12_auto_increment_set
                0x08004f06       0x4c ./Drivers/BSP/Components/lis2dw12/lis2dw12_reg.o
                0x08004f06                lis2dw12_auto_increment_set
 .text.lis2dw12_fifo_mode_set
                0x08004f52       0x4c ./Drivers/BSP/Components/lis2dw12/lis2dw12_reg.o
                0x08004f52                lis2dw12_fifo_mode_set
 *fill*         0x08004f9e        0x2 
 .text.LIS2MDL_RegisterBusIO
                0x08004fa0      0x100 ./Drivers/BSP/Components/lis2mdl/lis2mdl.o
                0x08004fa0                LIS2MDL_RegisterBusIO
 .text.LIS2MDL_Init
                0x080050a0      0x10c ./Drivers/BSP/Components/lis2mdl/lis2mdl.o
                0x080050a0                LIS2MDL_Init
 .text.LIS2MDL_DeInit
                0x080051ac       0x2c ./Drivers/BSP/Components/lis2mdl/lis2mdl.o
                0x080051ac                LIS2MDL_DeInit
 .text.LIS2MDL_ReadID
                0x080051d8       0x4c ./Drivers/BSP/Components/lis2mdl/lis2mdl.o
                0x080051d8                LIS2MDL_ReadID
 .text.LIS2MDL_GetCapabilities
                0x08005224       0x5c ./Drivers/BSP/Components/lis2mdl/lis2mdl.o
                0x08005224                LIS2MDL_GetCapabilities
 .text.LIS2MDL_MAG_Enable
                0x08005280       0x84 ./Drivers/BSP/Components/lis2mdl/lis2mdl.o
                0x08005280                LIS2MDL_MAG_Enable
 .text.LIS2MDL_MAG_Disable
                0x08005304       0x86 ./Drivers/BSP/Components/lis2mdl/lis2mdl.o
                0x08005304                LIS2MDL_MAG_Disable
 .text.LIS2MDL_MAG_GetSensitivity
                0x0800538a       0x1e ./Drivers/BSP/Components/lis2mdl/lis2mdl.o
                0x0800538a                LIS2MDL_MAG_GetSensitivity
 .text.LIS2MDL_MAG_GetOutputDataRate
                0x080053a8       0x8c ./Drivers/BSP/Components/lis2mdl/lis2mdl.o
                0x080053a8                LIS2MDL_MAG_GetOutputDataRate
 .text.LIS2MDL_MAG_SetOutputDataRate
                0x08005434       0xc0 ./Drivers/BSP/Components/lis2mdl/lis2mdl.o
                0x08005434                LIS2MDL_MAG_SetOutputDataRate
 .text.LIS2MDL_MAG_GetFullScale
                0x080054f4       0x1c ./Drivers/BSP/Components/lis2mdl/lis2mdl.o
                0x080054f4                LIS2MDL_MAG_GetFullScale
 .text.LIS2MDL_MAG_SetFullScale
                0x08005510       0x16 ./Drivers/BSP/Components/lis2mdl/lis2mdl.o
                0x08005510                LIS2MDL_MAG_SetFullScale
 .text.LIS2MDL_MAG_GetAxesRaw
                0x08005526       0x48 ./Drivers/BSP/Components/lis2mdl/lis2mdl.o
                0x08005526                LIS2MDL_MAG_GetAxesRaw
 .text.LIS2MDL_MAG_GetAxes
                0x0800556e      0x11a ./Drivers/BSP/Components/lis2mdl/lis2mdl.o
                0x0800556e                LIS2MDL_MAG_GetAxes
 .text.LIS2MDL_Write_Reg
                0x08005688       0x56 ./Drivers/BSP/Components/lis2mdl/lis2mdl.o
                0x08005688                LIS2MDL_Write_Reg
 .text.ReadMagRegWrap
                0x080056de       0x82 ./Drivers/BSP/Components/lis2mdl/lis2mdl.o
 .text.WriteMagRegWrap
                0x08005760       0x82 ./Drivers/BSP/Components/lis2mdl/lis2mdl.o
 .text.LSM6DSOX_SENSORHUB_LIS2MDL_ReadShData
                0x080057e2      0x27e ./Drivers/BSP/Components/lis2mdl/lis2mdl.o
 .text.LSM6DSOX_SENSORHUB_LIS2MDL_WriteShData
                0x08005a60      0x23c ./Drivers/BSP/Components/lis2mdl/lis2mdl.o
 .text.lis2mdl_read_reg
                0x08005c9c       0x30 ./Drivers/BSP/Components/lis2mdl/lis2mdl_reg.o
                0x08005c9c                lis2mdl_read_reg
 .text.lis2mdl_write_reg
                0x08005ccc       0x30 ./Drivers/BSP/Components/lis2mdl/lis2mdl_reg.o
                0x08005ccc                lis2mdl_write_reg
 .text.lis2mdl_operating_mode_set
                0x08005cfc       0x4c ./Drivers/BSP/Components/lis2mdl/lis2mdl_reg.o
                0x08005cfc                lis2mdl_operating_mode_set
 .text.lis2mdl_data_rate_set
                0x08005d48       0x4c ./Drivers/BSP/Components/lis2mdl/lis2mdl_reg.o
                0x08005d48                lis2mdl_data_rate_set
 .text.lis2mdl_data_rate_get
                0x08005d94       0x70 ./Drivers/BSP/Components/lis2mdl/lis2mdl_reg.o
                0x08005d94                lis2mdl_data_rate_get
 .text.lis2mdl_block_data_update_set
                0x08005e04       0x4c ./Drivers/BSP/Components/lis2mdl/lis2mdl_reg.o
                0x08005e04                lis2mdl_block_data_update_set
 .text.lis2mdl_magnetic_raw_get
                0x08005e50       0x90 ./Drivers/BSP/Components/lis2mdl/lis2mdl_reg.o
                0x08005e50                lis2mdl_magnetic_raw_get
 .text.lis2mdl_device_id_get
                0x08005ee0       0x22 ./Drivers/BSP/Components/lis2mdl/lis2mdl_reg.o
                0x08005ee0                lis2mdl_device_id_get
 .text.lis2mdl_self_test_set
                0x08005f02       0x4c ./Drivers/BSP/Components/lis2mdl/lis2mdl_reg.o
                0x08005f02                lis2mdl_self_test_set
 .text.lis2mdl_i2c_interface_set
                0x08005f4e       0x4c ./Drivers/BSP/Components/lis2mdl/lis2mdl_reg.o
                0x08005f4e                lis2mdl_i2c_interface_set
 *fill*         0x08005f9a        0x2 
 .text.LPS22HH_RegisterBusIO
                0x08005f9c       0xd4 ./Drivers/BSP/Components/lps22hh/lps22hh.o
                0x08005f9c                LPS22HH_RegisterBusIO
 .text.LPS22HH_Init
                0x08006070       0x36 ./Drivers/BSP/Components/lps22hh/lps22hh.o
                0x08006070                LPS22HH_Init
 .text.LPS22HH_DeInit
                0x080060a6       0x48 ./Drivers/BSP/Components/lps22hh/lps22hh.o
                0x080060a6                LPS22HH_DeInit
 .text.LPS22HH_ReadID
                0x080060ee       0x2c ./Drivers/BSP/Components/lps22hh/lps22hh.o
                0x080060ee                LPS22HH_ReadID
 *fill*         0x0800611a        0x2 
 .text.LPS22HH_GetCapabilities
                0x0800611c       0x54 ./Drivers/BSP/Components/lps22hh/lps22hh.o
                0x0800611c                LPS22HH_GetCapabilities
 .text.LPS22HH_PRESS_Enable
                0x08006170       0x48 ./Drivers/BSP/Components/lps22hh/lps22hh.o
                0x08006170                LPS22HH_PRESS_Enable
 .text.LPS22HH_PRESS_Disable
                0x080061b8       0x68 ./Drivers/BSP/Components/lps22hh/lps22hh.o
                0x080061b8                LPS22HH_PRESS_Disable
 .text.LPS22HH_PRESS_GetOutputDataRate
                0x08006220       0x1c ./Drivers/BSP/Components/lps22hh/lps22hh.o
                0x08006220                LPS22HH_PRESS_GetOutputDataRate
 .text.LPS22HH_PRESS_SetOutputDataRate
                0x0800623c       0x32 ./Drivers/BSP/Components/lps22hh/lps22hh.o
                0x0800623c                LPS22HH_PRESS_SetOutputDataRate
 .text.LPS22HH_PRESS_GetPressure
                0x0800626e       0x4c ./Drivers/BSP/Components/lps22hh/lps22hh.o
                0x0800626e                LPS22HH_PRESS_GetPressure
 .text.LPS22HH_TEMP_Enable
                0x080062ba       0x48 ./Drivers/BSP/Components/lps22hh/lps22hh.o
                0x080062ba                LPS22HH_TEMP_Enable
 .text.LPS22HH_TEMP_Disable
                0x08006302       0x68 ./Drivers/BSP/Components/lps22hh/lps22hh.o
                0x08006302                LPS22HH_TEMP_Disable
 .text.LPS22HH_TEMP_GetOutputDataRate
                0x0800636a       0x1c ./Drivers/BSP/Components/lps22hh/lps22hh.o
                0x0800636a                LPS22HH_TEMP_GetOutputDataRate
 .text.LPS22HH_TEMP_SetOutputDataRate
                0x08006386       0x32 ./Drivers/BSP/Components/lps22hh/lps22hh.o
                0x08006386                LPS22HH_TEMP_SetOutputDataRate
 .text.LPS22HH_TEMP_GetTemperature
                0x080063b8       0x4e ./Drivers/BSP/Components/lps22hh/lps22hh.o
                0x080063b8                LPS22HH_TEMP_GetTemperature
 .text.LPS22HH_Write_Reg
                0x08006406       0x36 ./Drivers/BSP/Components/lps22hh/lps22hh.o
                0x08006406                LPS22HH_Write_Reg
 .text.LPS22HH_GetOutputDataRate
                0x0800643c       0xc8 ./Drivers/BSP/Components/lps22hh/lps22hh.o
 .text.LPS22HH_SetOutputDataRate_When_Enabled
                0x08006504       0xd4 ./Drivers/BSP/Components/lps22hh/lps22hh.o
 .text.LPS22HH_SetOutputDataRate_When_Disabled
                0x080065d8       0xa0 ./Drivers/BSP/Components/lps22hh/lps22hh.o
 .text.LPS22HH_Initialize
                0x08006678       0x9a ./Drivers/BSP/Components/lps22hh/lps22hh.o
 .text.ReadRegWrap
                0x08006712       0x36 ./Drivers/BSP/Components/lps22hh/lps22hh.o
 .text.WriteRegWrap
                0x08006748       0x36 ./Drivers/BSP/Components/lps22hh/lps22hh.o
 .text.lps22hh_read_reg
                0x0800677e       0x30 ./Drivers/BSP/Components/lps22hh/lps22hh_reg.o
                0x0800677e                lps22hh_read_reg
 .text.lps22hh_write_reg
                0x080067ae       0x30 ./Drivers/BSP/Components/lps22hh/lps22hh_reg.o
                0x080067ae                lps22hh_write_reg
 .text.lps22hh_from_lsb_to_hpa
                0x080067de       0x24 ./Drivers/BSP/Components/lps22hh/lps22hh_reg.o
                0x080067de                lps22hh_from_lsb_to_hpa
 *fill*         0x08006802        0x2 
 .text.lps22hh_from_lsb_to_celsius
                0x08006804       0x2c ./Drivers/BSP/Components/lps22hh/lps22hh_reg.o
                0x08006804                lps22hh_from_lsb_to_celsius
 .text.lps22hh_block_data_update_set
                0x08006830       0x4c ./Drivers/BSP/Components/lps22hh/lps22hh_reg.o
                0x08006830                lps22hh_block_data_update_set
 .text.lps22hh_data_rate_set
                0x0800687c       0x9c ./Drivers/BSP/Components/lps22hh/lps22hh_reg.o
                0x0800687c                lps22hh_data_rate_set
 .text.lps22hh_data_rate_get
                0x08006918      0x150 ./Drivers/BSP/Components/lps22hh/lps22hh_reg.o
                0x08006918                lps22hh_data_rate_get
 .text.lps22hh_pressure_raw_get
                0x08006a68       0x52 ./Drivers/BSP/Components/lps22hh/lps22hh_reg.o
                0x08006a68                lps22hh_pressure_raw_get
 .text.lps22hh_temperature_raw_get
                0x08006aba       0x44 ./Drivers/BSP/Components/lps22hh/lps22hh_reg.o
                0x08006aba                lps22hh_temperature_raw_get
 .text.lps22hh_device_id_get
                0x08006afe       0x22 ./Drivers/BSP/Components/lps22hh/lps22hh_reg.o
                0x08006afe                lps22hh_device_id_get
 .text.lps22hh_auto_increment_set
                0x08006b20       0x4c ./Drivers/BSP/Components/lps22hh/lps22hh_reg.o
                0x08006b20                lps22hh_auto_increment_set
 .text.lps22hh_lp_bandwidth_set
                0x08006b6c       0x4c ./Drivers/BSP/Components/lps22hh/lps22hh_reg.o
                0x08006b6c                lps22hh_lp_bandwidth_set
 .text.lps22hh_i3c_interface_set
                0x08006bb8       0x5e ./Drivers/BSP/Components/lps22hh/lps22hh_reg.o
                0x08006bb8                lps22hh_i3c_interface_set
 *fill*         0x08006c16        0x2 
 .text.LSM6DSO_RegisterBusIO
                0x08006c18       0xd4 ./Drivers/BSP/Components/lsm6dso/lsm6dso.o
                0x08006c18                LSM6DSO_RegisterBusIO
 .text.LSM6DSO_Init
                0x08006cec       0xf2 ./Drivers/BSP/Components/lsm6dso/lsm6dso.o
                0x08006cec                LSM6DSO_Init
 .text.LSM6DSO_DeInit
                0x08006dde       0x4e ./Drivers/BSP/Components/lsm6dso/lsm6dso.o
                0x08006dde                LSM6DSO_DeInit
 .text.LSM6DSO_ReadID
                0x08006e2c       0x2c ./Drivers/BSP/Components/lsm6dso/lsm6dso.o
                0x08006e2c                LSM6DSO_ReadID
 .text.LSM6DSO_GetCapabilities
                0x08006e58       0x5c ./Drivers/BSP/Components/lsm6dso/lsm6dso.o
                0x08006e58                LSM6DSO_GetCapabilities
 .text.LSM6DSO_ACC_Enable
                0x08006eb4       0x48 ./Drivers/BSP/Components/lsm6dso/lsm6dso.o
                0x08006eb4                LSM6DSO_ACC_Enable
 .text.LSM6DSO_ACC_Disable
                0x08006efc       0x5e ./Drivers/BSP/Components/lsm6dso/lsm6dso.o
                0x08006efc                LSM6DSO_ACC_Disable
 *fill*         0x08006f5a        0x2 
 .text.LSM6DSO_ACC_GetSensitivity
                0x08006f5c       0x8c ./Drivers/BSP/Components/lsm6dso/lsm6dso.o
                0x08006f5c                LSM6DSO_ACC_GetSensitivity
 .text.LSM6DSO_ACC_GetOutputDataRate
                0x08006fe8      0x108 ./Drivers/BSP/Components/lsm6dso/lsm6dso.o
                0x08006fe8                LSM6DSO_ACC_GetOutputDataRate
 .text.LSM6DSO_ACC_SetOutputDataRate
                0x080070f0       0x1e ./Drivers/BSP/Components/lsm6dso/lsm6dso.o
                0x080070f0                LSM6DSO_ACC_SetOutputDataRate
 *fill*         0x0800710e        0x2 
 .text.LSM6DSO_ACC_SetOutputDataRate_With_Mode
                0x08007110      0x328 ./Drivers/BSP/Components/lsm6dso/lsm6dso.o
                0x08007110                LSM6DSO_ACC_SetOutputDataRate_With_Mode
 .text.LSM6DSO_ACC_GetFullScale
                0x08007438       0x7c ./Drivers/BSP/Components/lsm6dso/lsm6dso.o
                0x08007438                LSM6DSO_ACC_GetFullScale
 .text.LSM6DSO_ACC_SetFullScale
                0x080074b4       0x50 ./Drivers/BSP/Components/lsm6dso/lsm6dso.o
                0x080074b4                LSM6DSO_ACC_SetFullScale
 .text.LSM6DSO_ACC_GetAxesRaw
                0x08007504       0x48 ./Drivers/BSP/Components/lsm6dso/lsm6dso.o
                0x08007504                LSM6DSO_ACC_GetAxesRaw
 .text.LSM6DSO_ACC_GetAxes
                0x0800754c       0xba ./Drivers/BSP/Components/lsm6dso/lsm6dso.o
                0x0800754c                LSM6DSO_ACC_GetAxes
 .text.LSM6DSO_GYRO_Enable
                0x08007606       0x48 ./Drivers/BSP/Components/lsm6dso/lsm6dso.o
                0x08007606                LSM6DSO_GYRO_Enable
 .text.LSM6DSO_GYRO_Disable
                0x0800764e       0x5e ./Drivers/BSP/Components/lsm6dso/lsm6dso.o
                0x0800764e                LSM6DSO_GYRO_Disable
 .text.LSM6DSO_GYRO_GetSensitivity
                0x080076ac       0xa4 ./Drivers/BSP/Components/lsm6dso/lsm6dso.o
                0x080076ac                LSM6DSO_GYRO_GetSensitivity
 .text.LSM6DSO_GYRO_GetOutputDataRate
                0x08007750       0xf8 ./Drivers/BSP/Components/lsm6dso/lsm6dso.o
                0x08007750                LSM6DSO_GYRO_GetOutputDataRate
 .text.LSM6DSO_GYRO_SetOutputDataRate
                0x08007848       0x1e ./Drivers/BSP/Components/lsm6dso/lsm6dso.o
                0x08007848                LSM6DSO_GYRO_SetOutputDataRate
 *fill*         0x08007866        0x2 
 .text.LSM6DSO_GYRO_SetOutputDataRate_With_Mode
                0x08007868      0x120 ./Drivers/BSP/Components/lsm6dso/lsm6dso.o
                0x08007868                LSM6DSO_GYRO_SetOutputDataRate_With_Mode
 .text.LSM6DSO_GYRO_GetFullScale
                0x08007988       0x94 ./Drivers/BSP/Components/lsm6dso/lsm6dso.o
                0x08007988                LSM6DSO_GYRO_GetFullScale
 .text.LSM6DSO_GYRO_SetFullScale
                0x08007a1c       0x5e ./Drivers/BSP/Components/lsm6dso/lsm6dso.o
                0x08007a1c                LSM6DSO_GYRO_SetFullScale
 .text.LSM6DSO_GYRO_GetAxesRaw
                0x08007a7a       0x48 ./Drivers/BSP/Components/lsm6dso/lsm6dso.o
                0x08007a7a                LSM6DSO_GYRO_GetAxesRaw
 .text.LSM6DSO_GYRO_GetAxes
                0x08007ac2       0xb4 ./Drivers/BSP/Components/lsm6dso/lsm6dso.o
                0x08007ac2                LSM6DSO_GYRO_GetAxes
 .text.LSM6DSO_Write_Reg
                0x08007b76       0x36 ./Drivers/BSP/Components/lsm6dso/lsm6dso.o
                0x08007b76                LSM6DSO_Write_Reg
 .text.LSM6DSO_ACC_SetOutputDataRate_When_Enabled
                0x08007bac      0x110 ./Drivers/BSP/Components/lsm6dso/lsm6dso.o
 .text.LSM6DSO_ACC_SetOutputDataRate_When_Disabled
                0x08007cbc       0xf8 ./Drivers/BSP/Components/lsm6dso/lsm6dso.o
 .text.LSM6DSO_GYRO_SetOutputDataRate_When_Enabled
                0x08007db4       0xf8 ./Drivers/BSP/Components/lsm6dso/lsm6dso.o
 .text.LSM6DSO_GYRO_SetOutputDataRate_When_Disabled
                0x08007eac       0xe4 ./Drivers/BSP/Components/lsm6dso/lsm6dso.o
 .text.ReadRegWrap
                0x08007f90       0x36 ./Drivers/BSP/Components/lsm6dso/lsm6dso.o
 .text.WriteRegWrap
                0x08007fc6       0x36 ./Drivers/BSP/Components/lsm6dso/lsm6dso.o
 .text.lsm6dso_read_reg
                0x08007ffc       0x30 ./Drivers/BSP/Components/lsm6dso/lsm6dso_reg.o
                0x08007ffc                lsm6dso_read_reg
 .text.lsm6dso_write_reg
                0x0800802c       0x30 ./Drivers/BSP/Components/lsm6dso/lsm6dso_reg.o
                0x0800802c                lsm6dso_write_reg
 .text.lsm6dso_xl_full_scale_set
                0x0800805c       0x4c ./Drivers/BSP/Components/lsm6dso/lsm6dso_reg.o
                0x0800805c                lsm6dso_xl_full_scale_set
 .text.lsm6dso_xl_full_scale_get
                0x080080a8       0x70 ./Drivers/BSP/Components/lsm6dso/lsm6dso_reg.o
                0x080080a8                lsm6dso_xl_full_scale_get
 .text.lsm6dso_xl_data_rate_set
                0x08008118      0x1f4 ./Drivers/BSP/Components/lsm6dso/lsm6dso_reg.o
                0x08008118                lsm6dso_xl_data_rate_set
 .text.lsm6dso_xl_data_rate_get
                0x0800830c       0xd0 ./Drivers/BSP/Components/lsm6dso/lsm6dso_reg.o
                0x0800830c                lsm6dso_xl_data_rate_get
 .text.lsm6dso_gy_full_scale_set
                0x080083dc       0x4c ./Drivers/BSP/Components/lsm6dso/lsm6dso_reg.o
                0x080083dc                lsm6dso_gy_full_scale_set
 .text.lsm6dso_gy_full_scale_get
                0x08008428       0x84 ./Drivers/BSP/Components/lsm6dso/lsm6dso_reg.o
                0x08008428                lsm6dso_gy_full_scale_get
 .text.lsm6dso_gy_data_rate_set
                0x080084ac      0x1f4 ./Drivers/BSP/Components/lsm6dso/lsm6dso_reg.o
                0x080084ac                lsm6dso_gy_data_rate_set
 .text.lsm6dso_gy_data_rate_get
                0x080086a0       0xc4 ./Drivers/BSP/Components/lsm6dso/lsm6dso_reg.o
                0x080086a0                lsm6dso_gy_data_rate_get
 .text.lsm6dso_block_data_update_set
                0x08008764       0x4c ./Drivers/BSP/Components/lsm6dso/lsm6dso_reg.o
                0x08008764                lsm6dso_block_data_update_set
 .text.lsm6dso_angular_rate_raw_get
                0x080087b0       0x90 ./Drivers/BSP/Components/lsm6dso/lsm6dso_reg.o
                0x080087b0                lsm6dso_angular_rate_raw_get
 .text.lsm6dso_acceleration_raw_get
                0x08008840       0x90 ./Drivers/BSP/Components/lsm6dso/lsm6dso_reg.o
                0x08008840                lsm6dso_acceleration_raw_get
 .text.lsm6dso_mem_bank_set
                0x080088d0       0x3a ./Drivers/BSP/Components/lsm6dso/lsm6dso_reg.o
                0x080088d0                lsm6dso_mem_bank_set
 .text.lsm6dso_device_id_get
                0x0800890a       0x22 ./Drivers/BSP/Components/lsm6dso/lsm6dso_reg.o
                0x0800890a                lsm6dso_device_id_get
 .text.lsm6dso_auto_increment_set
                0x0800892c       0x4c ./Drivers/BSP/Components/lsm6dso/lsm6dso_reg.o
                0x0800892c                lsm6dso_auto_increment_set
 .text.lsm6dso_i3c_disable_set
                0x08008978       0x90 ./Drivers/BSP/Components/lsm6dso/lsm6dso_reg.o
                0x08008978                lsm6dso_i3c_disable_set
 .text.lsm6dso_fifo_mode_set
                0x08008a08       0x4c ./Drivers/BSP/Components/lsm6dso/lsm6dso_reg.o
                0x08008a08                lsm6dso_fifo_mode_set
 .text.lsm6dso_fsm_enable_get
                0x08008a54       0x42 ./Drivers/BSP/Components/lsm6dso/lsm6dso_reg.o
                0x08008a54                lsm6dso_fsm_enable_get
 *fill*         0x08008a96        0x2 
 .text.lsm6dso_fsm_data_rate_get
                0x08008a98       0x9c ./Drivers/BSP/Components/lsm6dso/lsm6dso_reg.o
                0x08008a98                lsm6dso_fsm_data_rate_get
 .text.STTS751_RegisterBusIO
                0x08008b34       0x94 ./Drivers/BSP/Components/stts751/stts751.o
                0x08008b34                STTS751_RegisterBusIO
 .text.STTS751_Init
                0x08008bc8       0x74 ./Drivers/BSP/Components/stts751/stts751.o
                0x08008bc8                STTS751_Init
 .text.STTS751_DeInit
                0x08008c3c       0x36 ./Drivers/BSP/Components/stts751/stts751.o
                0x08008c3c                STTS751_DeInit
 .text.STTS751_ReadID
                0x08008c72       0x36 ./Drivers/BSP/Components/stts751/stts751.o
                0x08008c72                STTS751_ReadID
 .text.STTS751_GetCapabilities
                0x08008ca8       0x54 ./Drivers/BSP/Components/stts751/stts751.o
                0x08008ca8                STTS751_GetCapabilities
 .text.STTS751_TEMP_Enable
                0x08008cfc       0x40 ./Drivers/BSP/Components/stts751/stts751.o
                0x08008cfc                STTS751_TEMP_Enable
 .text.STTS751_TEMP_Disable
                0x08008d3c       0x58 ./Drivers/BSP/Components/stts751/stts751.o
                0x08008d3c                STTS751_TEMP_Disable
 .text.STTS751_TEMP_GetOutputDataRate
                0x08008d94       0xf4 ./Drivers/BSP/Components/stts751/stts751.o
                0x08008d94                STTS751_TEMP_GetOutputDataRate
 .text.STTS751_TEMP_SetOutputDataRate
                0x08008e88      0x164 ./Drivers/BSP/Components/stts751/stts751.o
                0x08008e88                STTS751_TEMP_SetOutputDataRate
 .text.STTS751_TEMP_GetTemperature
                0x08008fec       0x40 ./Drivers/BSP/Components/stts751/stts751.o
                0x08008fec                STTS751_TEMP_GetTemperature
 .text.ReadRegWrap
                0x0800902c       0x6e ./Drivers/BSP/Components/stts751/stts751.o
 .text.WriteRegWrap
                0x0800909a       0x6e ./Drivers/BSP/Components/stts751/stts751.o
 .text.stts751_read_reg
                0x08009108       0x30 ./Drivers/BSP/Components/stts751/stts751_reg.o
                0x08009108                stts751_read_reg
 .text.stts751_write_reg
                0x08009138       0x30 ./Drivers/BSP/Components/stts751/stts751_reg.o
                0x08009138                stts751_write_reg
 .text.stts751_from_lsb_to_celsius
                0x08009168       0x2a ./Drivers/BSP/Components/stts751/stts751_reg.o
                0x08009168                stts751_from_lsb_to_celsius
 .text.stts751_temp_data_rate_set
                0x08009192       0xac ./Drivers/BSP/Components/stts751/stts751_reg.o
                0x08009192                stts751_temp_data_rate_set
 *fill*         0x0800923e        0x2 
 .text.stts751_temp_data_rate_get
                0x08009240      0x100 ./Drivers/BSP/Components/stts751/stts751_reg.o
                0x08009240                stts751_temp_data_rate_get
 .text.stts751_resolution_set
                0x08009340       0x4c ./Drivers/BSP/Components/stts751/stts751_reg.o
                0x08009340                stts751_resolution_set
 .text.stts751_resolution_get
                0x0800938c       0x70 ./Drivers/BSP/Components/stts751/stts751_reg.o
                0x0800938c                stts751_resolution_get
 .text.stts751_temperature_raw_get
                0x080093fc       0x5c ./Drivers/BSP/Components/stts751/stts751_reg.o
                0x080093fc                stts751_temperature_raw_get
 .text.stts751_pin_event_route_set
                0x08009458       0x4c ./Drivers/BSP/Components/stts751/stts751_reg.o
                0x08009458                stts751_pin_event_route_set
 .text.stts751_device_id_get
                0x080094a4       0x4e ./Drivers/BSP/Components/stts751/stts751_reg.o
                0x080094a4                stts751_device_id_get
 *fill*         0x080094f2        0x2 
 .text.IKS01A3_ENV_SENSOR_Init
                0x080094f4      0x21c ./Drivers/BSP/IKS01A3/iks01a3_env_sensors.o
                0x080094f4                IKS01A3_ENV_SENSOR_Init
 .text.IKS01A3_ENV_SENSOR_GetValue
                0x08009710       0x84 ./Drivers/BSP/IKS01A3/iks01a3_env_sensors.o
                0x08009710                IKS01A3_ENV_SENSOR_GetValue
 .text.HTS221_0_Probe
                0x08009794      0x194 ./Drivers/BSP/IKS01A3/iks01a3_env_sensors.o
 .text.LPS22HH_0_Probe
                0x08009928      0x198 ./Drivers/BSP/IKS01A3/iks01a3_env_sensors.o
 .text.STTS751_0_Probe
                0x08009ac0      0x164 ./Drivers/BSP/IKS01A3/iks01a3_env_sensors.o
 .text.IKS01A3_MOTION_SENSOR_Init
                0x08009c24      0x1f8 ./Drivers/BSP/IKS01A3/iks01a3_motion_sensors.o
                0x08009c24                IKS01A3_MOTION_SENSOR_Init
 .text.IKS01A3_MOTION_SENSOR_GetAxes
                0x08009e1c       0x88 ./Drivers/BSP/IKS01A3/iks01a3_motion_sensors.o
                0x08009e1c                IKS01A3_MOTION_SENSOR_GetAxes
 .text.IKS01A3_MOTION_SENSOR_SetOutputDataRate
                0x08009ea4       0x88 ./Drivers/BSP/IKS01A3/iks01a3_motion_sensors.o
                0x08009ea4                IKS01A3_MOTION_SENSOR_SetOutputDataRate
 .text.IKS01A3_MOTION_SENSOR_SetFullScale
                0x08009f2c       0x88 ./Drivers/BSP/IKS01A3/iks01a3_motion_sensors.o
                0x08009f2c                IKS01A3_MOTION_SENSOR_SetFullScale
 .text.LSM6DSO_0_Probe
                0x08009fb4      0x180 ./Drivers/BSP/IKS01A3/iks01a3_motion_sensors.o
 .text.LIS2DW12_0_Probe
                0x0800a134      0x150 ./Drivers/BSP/IKS01A3/iks01a3_motion_sensors.o
 .text.LIS2MDL_0_Probe
                0x0800a284      0x150 ./Drivers/BSP/IKS01A3/iks01a3_motion_sensors.o
 .text.HAL_Init
                0x0800a3d4       0x30 ./Drivers/STM32L1xx_HAL_Driver/Src/stm32l1xx_hal.o
                0x0800a3d4                HAL_Init
 .text.HAL_InitTick
                0x0800a404       0x74 ./Drivers/STM32L1xx_HAL_Driver/Src/stm32l1xx_hal.o
                0x0800a404                HAL_InitTick
 .text.HAL_IncTick
                0x0800a478       0x24 ./Drivers/STM32L1xx_HAL_Driver/Src/stm32l1xx_hal.o
                0x0800a478                HAL_IncTick
 .text.HAL_GetTick
                0x0800a49c       0x14 ./Drivers/STM32L1xx_HAL_Driver/Src/stm32l1xx_hal.o
                0x0800a49c                HAL_GetTick
 .text.HAL_Delay
                0x0800a4b0       0x44 ./Drivers/STM32L1xx_HAL_Driver/Src/stm32l1xx_hal.o
                0x0800a4b0                HAL_Delay
 .text.HAL_ADC_Init
                0x0800a4f4      0x28c ./Drivers/STM32L1xx_HAL_Driver/Src/stm32l1xx_hal_adc.o
                0x0800a4f4                HAL_ADC_Init
 .text.HAL_ADC_Stop
                0x0800a780       0x58 ./Drivers/STM32L1xx_HAL_Driver/Src/stm32l1xx_hal_adc.o
                0x0800a780                HAL_ADC_Stop
 .text.HAL_ADC_PollForConversion
                0x0800a7d8      0x120 ./Drivers/STM32L1xx_HAL_Driver/Src/stm32l1xx_hal_adc.o
                0x0800a7d8                HAL_ADC_PollForConversion
 .text.HAL_ADC_Start_IT
                0x0800a8f8       0xd4 ./Drivers/STM32L1xx_HAL_Driver/Src/stm32l1xx_hal_adc.o
                0x0800a8f8                HAL_ADC_Start_IT
 .text.HAL_ADC_GetValue
                0x0800a9cc       0x18 ./Drivers/STM32L1xx_HAL_Driver/Src/stm32l1xx_hal_adc.o
                0x0800a9cc                HAL_ADC_GetValue
 .text.HAL_ADC_IRQHandler
                0x0800a9e4      0x1ee ./Drivers/STM32L1xx_HAL_Driver/Src/stm32l1xx_hal_adc.o
                0x0800a9e4                HAL_ADC_IRQHandler
 .text.HAL_ADC_ConvCpltCallback
                0x0800abd2       0x12 ./Drivers/STM32L1xx_HAL_Driver/Src/stm32l1xx_hal_adc.o
                0x0800abd2                HAL_ADC_ConvCpltCallback
 .text.HAL_ADC_LevelOutOfWindowCallback
                0x0800abe4       0x12 ./Drivers/STM32L1xx_HAL_Driver/Src/stm32l1xx_hal_adc.o
                0x0800abe4                HAL_ADC_LevelOutOfWindowCallback
 .text.HAL_ADC_ErrorCallback
                0x0800abf6       0x12 ./Drivers/STM32L1xx_HAL_Driver/Src/stm32l1xx_hal_adc.o
                0x0800abf6                HAL_ADC_ErrorCallback
 .text.HAL_ADC_ConfigChannel
                0x0800ac08      0x2d8 ./Drivers/STM32L1xx_HAL_Driver/Src/stm32l1xx_hal_adc.o
                0x0800ac08                HAL_ADC_ConfigChannel
 .text.HAL_ADC_AnalogWDGConfig
                0x0800aee0       0xb8 ./Drivers/STM32L1xx_HAL_Driver/Src/stm32l1xx_hal_adc.o
                0x0800aee0                HAL_ADC_AnalogWDGConfig
 .text.ADC_Enable
                0x0800af98       0xb8 ./Drivers/STM32L1xx_HAL_Driver/Src/stm32l1xx_hal_adc.o
                0x0800af98                ADC_Enable
 .text.ADC_ConversionStop_Disable
                0x0800b050       0x82 ./Drivers/STM32L1xx_HAL_Driver/Src/stm32l1xx_hal_adc.o
                0x0800b050                ADC_ConversionStop_Disable
 .text.HAL_ADCEx_InjectedConvCpltCallback
                0x0800b0d2       0x12 ./Drivers/STM32L1xx_HAL_Driver/Src/stm32l1xx_hal_adc_ex.o
                0x0800b0d2                HAL_ADCEx_InjectedConvCpltCallback
 .text.__NVIC_SetPriorityGrouping
                0x0800b0e4       0x48 ./Drivers/STM32L1xx_HAL_Driver/Src/stm32l1xx_hal_cortex.o
 .text.__NVIC_GetPriorityGrouping
                0x0800b12c       0x1c ./Drivers/STM32L1xx_HAL_Driver/Src/stm32l1xx_hal_cortex.o
 .text.__NVIC_EnableIRQ
                0x0800b148       0x38 ./Drivers/STM32L1xx_HAL_Driver/Src/stm32l1xx_hal_cortex.o
 .text.__NVIC_SetPriority
                0x0800b180       0x54 ./Drivers/STM32L1xx_HAL_Driver/Src/stm32l1xx_hal_cortex.o
 .text.NVIC_EncodePriority
                0x0800b1d4       0x64 ./Drivers/STM32L1xx_HAL_Driver/Src/stm32l1xx_hal_cortex.o
 .text.SysTick_Config
                0x0800b238       0x44 ./Drivers/STM32L1xx_HAL_Driver/Src/stm32l1xx_hal_cortex.o
 .text.HAL_NVIC_SetPriorityGrouping
                0x0800b27c       0x16 ./Drivers/STM32L1xx_HAL_Driver/Src/stm32l1xx_hal_cortex.o
                0x0800b27c                HAL_NVIC_SetPriorityGrouping
 .text.HAL_NVIC_SetPriority
                0x0800b292       0x38 ./Drivers/STM32L1xx_HAL_Driver/Src/stm32l1xx_hal_cortex.o
                0x0800b292                HAL_NVIC_SetPriority
 .text.HAL_NVIC_EnableIRQ
                0x0800b2ca       0x1c ./Drivers/STM32L1xx_HAL_Driver/Src/stm32l1xx_hal_cortex.o
                0x0800b2ca                HAL_NVIC_EnableIRQ
 .text.HAL_SYSTICK_Config
                0x0800b2e6       0x18 ./Drivers/STM32L1xx_HAL_Driver/Src/stm32l1xx_hal_cortex.o
                0x0800b2e6                HAL_SYSTICK_Config
 *fill*         0x0800b2fe        0x2 
 .text.HAL_GPIO_Init
                0x0800b300      0x320 ./Drivers/STM32L1xx_HAL_Driver/Src/stm32l1xx_hal_gpio.o
                0x0800b300                HAL_GPIO_Init
 .text.HAL_GPIO_DeInit
                0x0800b620      0x1e0 ./Drivers/STM32L1xx_HAL_Driver/Src/stm32l1xx_hal_gpio.o
                0x0800b620                HAL_GPIO_DeInit
 .text.HAL_GPIO_WritePin
                0x0800b800       0x30 ./Drivers/STM32L1xx_HAL_Driver/Src/stm32l1xx_hal_gpio.o
                0x0800b800                HAL_GPIO_WritePin
 .text.HAL_GPIO_TogglePin
                0x0800b830       0x32 ./Drivers/STM32L1xx_HAL_Driver/Src/stm32l1xx_hal_gpio.o
                0x0800b830                HAL_GPIO_TogglePin
 *fill*         0x0800b862        0x2 
 .text.HAL_GPIO_EXTI_IRQHandler
                0x0800b864       0x30 ./Drivers/STM32L1xx_HAL_Driver/Src/stm32l1xx_hal_gpio.o
                0x0800b864                HAL_GPIO_EXTI_IRQHandler
 .text.HAL_I2C_Init
                0x0800b894      0x288 ./Drivers/STM32L1xx_HAL_Driver/Src/stm32l1xx_hal_i2c.o
                0x0800b894                HAL_I2C_Init
 .text.HAL_I2C_DeInit
                0x0800bb1c       0x5e ./Drivers/STM32L1xx_HAL_Driver/Src/stm32l1xx_hal_i2c.o
                0x0800bb1c                HAL_I2C_DeInit
 .text.HAL_I2C_MspInit
                0x0800bb7a       0x12 ./Drivers/STM32L1xx_HAL_Driver/Src/stm32l1xx_hal_i2c.o
                0x0800bb7a                HAL_I2C_MspInit
 .text.HAL_I2C_MspDeInit
                0x0800bb8c       0x12 ./Drivers/STM32L1xx_HAL_Driver/Src/stm32l1xx_hal_i2c.o
                0x0800bb8c                HAL_I2C_MspDeInit
 *fill*         0x0800bb9e        0x2 
 .text.HAL_I2C_Mem_Write
                0x0800bba0      0x1f4 ./Drivers/STM32L1xx_HAL_Driver/Src/stm32l1xx_hal_i2c.o
                0x0800bba0                HAL_I2C_Mem_Write
 .text.HAL_I2C_Mem_Read
                0x0800bd94      0x44c ./Drivers/STM32L1xx_HAL_Driver/Src/stm32l1xx_hal_i2c.o
                0x0800bd94                HAL_I2C_Mem_Read
 .text.HAL_I2C_GetState
                0x0800c1e0       0x1a ./Drivers/STM32L1xx_HAL_Driver/Src/stm32l1xx_hal_i2c.o
                0x0800c1e0                HAL_I2C_GetState
 .text.HAL_I2C_GetError
                0x0800c1fa       0x16 ./Drivers/STM32L1xx_HAL_Driver/Src/stm32l1xx_hal_i2c.o
                0x0800c1fa                HAL_I2C_GetError
 .text.I2C_RequestMemoryWrite
                0x0800c210      0x12c ./Drivers/STM32L1xx_HAL_Driver/Src/stm32l1xx_hal_i2c.o
 .text.I2C_RequestMemoryRead
                0x0800c33c      0x1d0 ./Drivers/STM32L1xx_HAL_Driver/Src/stm32l1xx_hal_i2c.o
 .text.I2C_WaitOnFlagUntilTimeout
                0x0800c50c       0xf4 ./Drivers/STM32L1xx_HAL_Driver/Src/stm32l1xx_hal_i2c.o
 .text.I2C_WaitOnMasterAddressFlagUntilTimeout
                0x0800c600      0x140 ./Drivers/STM32L1xx_HAL_Driver/Src/stm32l1xx_hal_i2c.o
 .text.I2C_WaitOnTXEFlagUntilTimeout
                0x0800c740       0x90 ./Drivers/STM32L1xx_HAL_Driver/Src/stm32l1xx_hal_i2c.o
 .text.I2C_WaitOnBTFFlagUntilTimeout
                0x0800c7d0       0x90 ./Drivers/STM32L1xx_HAL_Driver/Src/stm32l1xx_hal_i2c.o
 .text.I2C_WaitOnRXNEFlagUntilTimeout
                0x0800c860       0xba ./Drivers/STM32L1xx_HAL_Driver/Src/stm32l1xx_hal_i2c.o
 .text.I2C_IsAcknowledgeFailed
                0x0800c91a       0x5c ./Drivers/STM32L1xx_HAL_Driver/Src/stm32l1xx_hal_i2c.o
 *fill*         0x0800c976        0x2 
 .text.HAL_RCC_OscConfig
                0x0800c978      0x660 ./Drivers/STM32L1xx_HAL_Driver/Src/stm32l1xx_hal_rcc.o
                0x0800c978                HAL_RCC_OscConfig
 .text.HAL_RCC_ClockConfig
                0x0800cfd8      0x268 ./Drivers/STM32L1xx_HAL_Driver/Src/stm32l1xx_hal_rcc.o
                0x0800cfd8                HAL_RCC_ClockConfig
 .text.HAL_RCC_GetSysClockFreq
                0x0800d240      0x200 ./Drivers/STM32L1xx_HAL_Driver/Src/stm32l1xx_hal_rcc.o
                0x0800d240                HAL_RCC_GetSysClockFreq
 .text.HAL_RCC_GetHCLKFreq
                0x0800d440       0x14 ./Drivers/STM32L1xx_HAL_Driver/Src/stm32l1xx_hal_rcc.o
                0x0800d440                HAL_RCC_GetHCLKFreq
 .text.HAL_RCC_GetPCLK1Freq
                0x0800d454       0x28 ./Drivers/STM32L1xx_HAL_Driver/Src/stm32l1xx_hal_rcc.o
                0x0800d454                HAL_RCC_GetPCLK1Freq
 .text.HAL_RCC_GetPCLK2Freq
                0x0800d47c       0x28 ./Drivers/STM32L1xx_HAL_Driver/Src/stm32l1xx_hal_rcc.o
                0x0800d47c                HAL_RCC_GetPCLK2Freq
 .text.RCC_SetFlashLatencyFromMSIRange
                0x0800d4a4       0xc0 ./Drivers/STM32L1xx_HAL_Driver/Src/stm32l1xx_hal_rcc.o
 .text.HAL_SPI_Init
                0x0800d564      0x112 ./Drivers/STM32L1xx_HAL_Driver/Src/stm32l1xx_hal_spi.o
                0x0800d564                HAL_SPI_Init
 .text.HAL_SPI_Transmit
                0x0800d676      0x286 ./Drivers/STM32L1xx_HAL_Driver/Src/stm32l1xx_hal_spi.o
                0x0800d676                HAL_SPI_Transmit
 .text.SPI_WaitFlagStateUntilTimeout
                0x0800d8fc      0x110 ./Drivers/STM32L1xx_HAL_Driver/Src/stm32l1xx_hal_spi.o
 .text.SPI_EndRxTxTransaction
                0x0800da0c       0x84 ./Drivers/STM32L1xx_HAL_Driver/Src/stm32l1xx_hal_spi.o
 .text.HAL_TIM_Base_Init
                0x0800da90       0x7e ./Drivers/STM32L1xx_HAL_Driver/Src/stm32l1xx_hal_tim.o
                0x0800da90                HAL_TIM_Base_Init
 .text.HAL_TIM_PWM_Init
                0x0800db0e       0x7e ./Drivers/STM32L1xx_HAL_Driver/Src/stm32l1xx_hal_tim.o
                0x0800db0e                HAL_TIM_PWM_Init
 .text.HAL_TIM_PWM_MspInit
                0x0800db8c       0x12 ./Drivers/STM32L1xx_HAL_Driver/Src/stm32l1xx_hal_tim.o
                0x0800db8c                HAL_TIM_PWM_MspInit
 *fill*         0x0800db9e        0x2 
 .text.HAL_TIM_PWM_Start
                0x0800dba0      0x12c ./Drivers/STM32L1xx_HAL_Driver/Src/stm32l1xx_hal_tim.o
                0x0800dba0                HAL_TIM_PWM_Start
 .text.HAL_TIM_PWM_Stop
                0x0800dccc       0x7a ./Drivers/STM32L1xx_HAL_Driver/Src/stm32l1xx_hal_tim.o
                0x0800dccc                HAL_TIM_PWM_Stop
 *fill*         0x0800dd46        0x2 
 .text.HAL_TIM_PWM_ConfigChannel
                0x0800dd48      0x184 ./Drivers/STM32L1xx_HAL_Driver/Src/stm32l1xx_hal_tim.o
                0x0800dd48                HAL_TIM_PWM_ConfigChannel
 .text.HAL_TIM_ConfigClockSource
                0x0800decc      0x18e ./Drivers/STM32L1xx_HAL_Driver/Src/stm32l1xx_hal_tim.o
                0x0800decc                HAL_TIM_ConfigClockSource
 *fill*         0x0800e05a        0x2 
 .text.TIM_Base_SetConfig
                0x0800e05c       0xe0 ./Drivers/STM32L1xx_HAL_Driver/Src/stm32l1xx_hal_tim.o
 .text.TIM_OC1_SetConfig
                0x0800e13c       0x78 ./Drivers/STM32L1xx_HAL_Driver/Src/stm32l1xx_hal_tim.o
 .text.TIM_OC2_SetConfig
                0x0800e1b4       0x7c ./Drivers/STM32L1xx_HAL_Driver/Src/stm32l1xx_hal_tim.o
 .text.TIM_OC3_SetConfig
                0x0800e230       0x7a ./Drivers/STM32L1xx_HAL_Driver/Src/stm32l1xx_hal_tim.o
 .text.TIM_OC4_SetConfig
                0x0800e2aa       0x7c ./Drivers/STM32L1xx_HAL_Driver/Src/stm32l1xx_hal_tim.o
 .text.TIM_TI1_ConfigInputStage
                0x0800e326       0x5c ./Drivers/STM32L1xx_HAL_Driver/Src/stm32l1xx_hal_tim.o
 .text.TIM_TI2_ConfigInputStage
                0x0800e382       0x5e ./Drivers/STM32L1xx_HAL_Driver/Src/stm32l1xx_hal_tim.o
 .text.TIM_ITRx_SetConfig
                0x0800e3e0       0x34 ./Drivers/STM32L1xx_HAL_Driver/Src/stm32l1xx_hal_tim.o
 .text.TIM_ETR_SetConfig
                0x0800e414       0x3e ./Drivers/STM32L1xx_HAL_Driver/Src/stm32l1xx_hal_tim.o
 .text.TIM_CCxChannelCmd
                0x0800e452       0x48 ./Drivers/STM32L1xx_HAL_Driver/Src/stm32l1xx_hal_tim.o
 *fill*         0x0800e49a        0x2 
 .text.HAL_TIMEx_MasterConfigSynchronization
                0x0800e49c       0xbc ./Drivers/STM32L1xx_HAL_Driver/Src/stm32l1xx_hal_tim_ex.o
                0x0800e49c                HAL_TIMEx_MasterConfigSynchronization
 .text.HAL_UART_Init
                0x0800e558       0xa0 ./Drivers/STM32L1xx_HAL_Driver/Src/stm32l1xx_hal_uart.o
                0x0800e558                HAL_UART_Init
 .text.HAL_UART_Transmit
                0x0800e5f8      0x106 ./Drivers/STM32L1xx_HAL_Driver/Src/stm32l1xx_hal_uart.o
                0x0800e5f8                HAL_UART_Transmit
 .text.UART_WaitOnFlagUntilTimeout
                0x0800e6fe       0xdc ./Drivers/STM32L1xx_HAL_Driver/Src/stm32l1xx_hal_uart.o
 *fill*         0x0800e7da        0x2 
 .text.UART_SetConfig
                0x0800e7dc      0x1c8 ./Drivers/STM32L1xx_HAL_Driver/Src/stm32l1xx_hal_uart.o
 .text.SPI_CS_High
                0x0800e9a4       0x18 ./Drivers/display/max7219_Yncrea2.o
                0x0800e9a4                SPI_CS_High
 .text.SPI_CS_Low
                0x0800e9bc       0x18 ./Drivers/display/max7219_Yncrea2.o
                0x0800e9bc                SPI_CS_Low
 .text.MAX7219_Init
                0x0800e9d4       0x2a ./Drivers/display/max7219_Yncrea2.o
                0x0800e9d4                MAX7219_Init
 .text.MAX7219_ShutdownStop
                0x0800e9fe       0x10 ./Drivers/display/max7219_Yncrea2.o
                0x0800e9fe                MAX7219_ShutdownStop
 .text.MAX7219_DisplayTestStart
                0x0800ea0e       0x10 ./Drivers/display/max7219_Yncrea2.o
                0x0800ea0e                MAX7219_DisplayTestStart
 .text.MAX7219_DisplayTestStop
                0x0800ea1e       0x10 ./Drivers/display/max7219_Yncrea2.o
                0x0800ea1e                MAX7219_DisplayTestStop
 .text.MAX7219_SetBrightness
                0x0800ea2e       0x24 ./Drivers/display/max7219_Yncrea2.o
                0x0800ea2e                MAX7219_SetBrightness
 .text.MAX7219_Clear
                0x0800ea52       0x2c ./Drivers/display/max7219_Yncrea2.o
                0x0800ea52                MAX7219_Clear
 .text.MAX7219_DisplayChar
                0x0800ea7e       0x2e ./Drivers/display/max7219_Yncrea2.o
                0x0800ea7e                MAX7219_DisplayChar
 .text.MAX7219_LookupCode
                0x0800eaac       0x4c ./Drivers/display/max7219_Yncrea2.o
 .text.MAX7219_Write
                0x0800eaf8       0x34 ./Drivers/display/max7219_Yncrea2.o
 .text.MAX7219_SendByte
                0x0800eb2c       0x24 ./Drivers/display/max7219_Yncrea2.o
 .text.__cvt    0x0800eb50       0xc8 C:/ST/STM32CubeIDE_1.15.1/STM32CubeIDE/plugins/com.st.stm32cube.ide.mcu.externaltools.gnu-tools-for-stm32.12.3.rel1.win32_1.0.100.202403111256/tools/bin/../lib/gcc/arm-none-eabi/12.3.1/../../../../arm-none-eabi/lib/thumb/v7-m/nofp\libc_nano.a(libc_a-nano-vfprintf_float.o)
                0x0800eb50                __cvt
 .text.__exponent
                0x0800ec18       0x74 C:/ST/STM32CubeIDE_1.15.1/STM32CubeIDE/plugins/com.st.stm32cube.ide.mcu.externaltools.gnu-tools-for-stm32.12.3.rel1.win32_1.0.100.202403111256/tools/bin/../lib/gcc/arm-none-eabi/12.3.1/../../../../arm-none-eabi/lib/thumb/v7-m/nofp\libc_nano.a(libc_a-nano-vfprintf_float.o)
                0x0800ec18                __exponent
 .text._printf_float
                0x0800ec8c      0x458 C:/ST/STM32CubeIDE_1.15.1/STM32CubeIDE/plugins/com.st.stm32cube.ide.mcu.externaltools.gnu-tools-for-stm32.12.3.rel1.win32_1.0.100.202403111256/tools/bin/../lib/gcc/arm-none-eabi/12.3.1/../../../../arm-none-eabi/lib/thumb/v7-m/nofp\libc_nano.a(libc_a-nano-vfprintf_float.o)
                0x0800ec8c                _printf_float
 .text._printf_common
                0x0800f0e4       0xe4 C:/ST/STM32CubeIDE_1.15.1/STM32CubeIDE/plugins/com.st.stm32cube.ide.mcu.externaltools.gnu-tools-for-stm32.12.3.rel1.win32_1.0.100.202403111256/tools/bin/../lib/gcc/arm-none-eabi/12.3.1/../../../../arm-none-eabi/lib/thumb/v7-m/nofp\libc_nano.a(libc_a-nano-vfprintf_i.o)
                0x0800f0e4                _printf_common
 .text._printf_i
                0x0800f1c8      0x240 C:/ST/STM32CubeIDE_1.15.1/STM32CubeIDE/plugins/com.st.stm32cube.ide.mcu.externaltools.gnu-tools-for-stm32.12.3.rel1.win32_1.0.100.202403111256/tools/bin/../lib/gcc/arm-none-eabi/12.3.1/../../../../arm-none-eabi/lib/thumb/v7-m/nofp\libc_nano.a(libc_a-nano-vfprintf_i.o)
                0x0800f1c8                _printf_i
 .text._scanf_float
                0x0800f408      0x420 C:/ST/STM32CubeIDE_1.15.1/STM32CubeIDE/plugins/com.st.stm32cube.ide.mcu.externaltools.gnu-tools-for-stm32.12.3.rel1.win32_1.0.100.202403111256/tools/bin/../lib/gcc/arm-none-eabi/12.3.1/../../../../arm-none-eabi/lib/thumb/v7-m/nofp\libc_nano.a(libc_a-nano-vfscanf_float.o)
                0x0800f408                _scanf_float
 .text.std      0x0800f828       0x6c C:/ST/STM32CubeIDE_1.15.1/STM32CubeIDE/plugins/com.st.stm32cube.ide.mcu.externaltools.gnu-tools-for-stm32.12.3.rel1.win32_1.0.100.202403111256/tools/bin/../lib/gcc/arm-none-eabi/12.3.1/../../../../arm-none-eabi/lib/thumb/v7-m/nofp\libc_nano.a(libc_a-findfp.o)
 .text.stdio_exit_handler
                0x0800f894       0x18 C:/ST/STM32CubeIDE_1.15.1/STM32CubeIDE/plugins/com.st.stm32cube.ide.mcu.externaltools.gnu-tools-for-stm32.12.3.rel1.win32_1.0.100.202403111256/tools/bin/../lib/gcc/arm-none-eabi/12.3.1/../../../../arm-none-eabi/lib/thumb/v7-m/nofp\libc_nano.a(libc_a-findfp.o)
 .text.cleanup_stdio
                0x0800f8ac       0x40 C:/ST/STM32CubeIDE_1.15.1/STM32CubeIDE/plugins/com.st.stm32cube.ide.mcu.externaltools.gnu-tools-for-stm32.12.3.rel1.win32_1.0.100.202403111256/tools/bin/../lib/gcc/arm-none-eabi/12.3.1/../../../../arm-none-eabi/lib/thumb/v7-m/nofp\libc_nano.a(libc_a-findfp.o)
 .text.global_stdio_init.part.0
                0x0800f8ec       0x3c C:/ST/STM32CubeIDE_1.15.1/STM32CubeIDE/plugins/com.st.stm32cube.ide.mcu.externaltools.gnu-tools-for-stm32.12.3.rel1.win32_1.0.100.202403111256/tools/bin/../lib/gcc/arm-none-eabi/12.3.1/../../../../arm-none-eabi/lib/thumb/v7-m/nofp\libc_nano.a(libc_a-findfp.o)
 .text.__sfp_lock_acquire
                0x0800f928        0xc C:/ST/STM32CubeIDE_1.15.1/STM32CubeIDE/plugins/com.st.stm32cube.ide.mcu.externaltools.gnu-tools-for-stm32.12.3.rel1.win32_1.0.100.202403111256/tools/bin/../lib/gcc/arm-none-eabi/12.3.1/../../../../arm-none-eabi/lib/thumb/v7-m/nofp\libc_nano.a(libc_a-findfp.o)
                0x0800f928                __sfp_lock_acquire
 .text.__sfp_lock_release
                0x0800f934        0xc C:/ST/STM32CubeIDE_1.15.1/STM32CubeIDE/plugins/com.st.stm32cube.ide.mcu.externaltools.gnu-tools-for-stm32.12.3.rel1.win32_1.0.100.202403111256/tools/bin/../lib/gcc/arm-none-eabi/12.3.1/../../../../arm-none-eabi/lib/thumb/v7-m/nofp\libc_nano.a(libc_a-findfp.o)
                0x0800f934                __sfp_lock_release
 .text.__sinit  0x0800f940       0x30 C:/ST/STM32CubeIDE_1.15.1/STM32CubeIDE/plugins/com.st.stm32cube.ide.mcu.externaltools.gnu-tools-for-stm32.12.3.rel1.win32_1.0.100.202403111256/tools/bin/../lib/gcc/arm-none-eabi/12.3.1/../../../../arm-none-eabi/lib/thumb/v7-m/nofp\libc_nano.a(libc_a-findfp.o)
                0x0800f940                __sinit
 .text._fwalk_sglue
                0x0800f970       0x3c C:/ST/STM32CubeIDE_1.15.1/STM32CubeIDE/plugins/com.st.stm32cube.ide.mcu.externaltools.gnu-tools-for-stm32.12.3.rel1.win32_1.0.100.202403111256/tools/bin/../lib/gcc/arm-none-eabi/12.3.1/../../../../arm-none-eabi/lib/thumb/v7-m/nofp\libc_nano.a(libc_a-fwalk.o)
                0x0800f970                _fwalk_sglue
 .text.printf   0x0800f9ac       0x24 C:/ST/STM32CubeIDE_1.15.1/STM32CubeIDE/plugins/com.st.stm32cube.ide.mcu.externaltools.gnu-tools-for-stm32.12.3.rel1.win32_1.0.100.202403111256/tools/bin/../lib/gcc/arm-none-eabi/12.3.1/../../../../arm-none-eabi/lib/thumb/v7-m/nofp\libc_nano.a(libc_a-printf.o)
                0x0800f9ac                iprintf
                0x0800f9ac                printf
 .text._puts_r  0x0800f9d0       0xaa C:/ST/STM32CubeIDE_1.15.1/STM32CubeIDE/plugins/com.st.stm32cube.ide.mcu.externaltools.gnu-tools-for-stm32.12.3.rel1.win32_1.0.100.202403111256/tools/bin/../lib/gcc/arm-none-eabi/12.3.1/../../../../arm-none-eabi/lib/thumb/v7-m/nofp\libc_nano.a(libc_a-puts.o)
                0x0800f9d0                _puts_r
 *fill*         0x0800fa7a        0x2 
 .text.puts     0x0800fa7c       0x10 C:/ST/STM32CubeIDE_1.15.1/STM32CubeIDE/plugins/com.st.stm32cube.ide.mcu.externaltools.gnu-tools-for-stm32.12.3.rel1.win32_1.0.100.202403111256/tools/bin/../lib/gcc/arm-none-eabi/12.3.1/../../../../arm-none-eabi/lib/thumb/v7-m/nofp\libc_nano.a(libc_a-puts.o)
                0x0800fa7c                puts
 .text.sprintf  0x0800fa8c       0x40 C:/ST/STM32CubeIDE_1.15.1/STM32CubeIDE/plugins/com.st.stm32cube.ide.mcu.externaltools.gnu-tools-for-stm32.12.3.rel1.win32_1.0.100.202403111256/tools/bin/../lib/gcc/arm-none-eabi/12.3.1/../../../../arm-none-eabi/lib/thumb/v7-m/nofp\libc_nano.a(libc_a-sprintf.o)
                0x0800fa8c                siprintf
                0x0800fa8c                sprintf
 .text.__sread  0x0800facc       0x22 C:/ST/STM32CubeIDE_1.15.1/STM32CubeIDE/plugins/com.st.stm32cube.ide.mcu.externaltools.gnu-tools-for-stm32.12.3.rel1.win32_1.0.100.202403111256/tools/bin/../lib/gcc/arm-none-eabi/12.3.1/../../../../arm-none-eabi/lib/thumb/v7-m/nofp\libc_nano.a(libc_a-stdio.o)
                0x0800facc                __sread
 .text.__swrite
                0x0800faee       0x38 C:/ST/STM32CubeIDE_1.15.1/STM32CubeIDE/plugins/com.st.stm32cube.ide.mcu.externaltools.gnu-tools-for-stm32.12.3.rel1.win32_1.0.100.202403111256/tools/bin/../lib/gcc/arm-none-eabi/12.3.1/../../../../arm-none-eabi/lib/thumb/v7-m/nofp\libc_nano.a(libc_a-stdio.o)
                0x0800faee                __swrite
 .text.__sseek  0x0800fb26       0x24 C:/ST/STM32CubeIDE_1.15.1/STM32CubeIDE/plugins/com.st.stm32cube.ide.mcu.externaltools.gnu-tools-for-stm32.12.3.rel1.win32_1.0.100.202403111256/tools/bin/../lib/gcc/arm-none-eabi/12.3.1/../../../../arm-none-eabi/lib/thumb/v7-m/nofp\libc_nano.a(libc_a-stdio.o)
                0x0800fb26                __sseek
 .text.__sclose
                0x0800fb4a        0x8 C:/ST/STM32CubeIDE_1.15.1/STM32CubeIDE/plugins/com.st.stm32cube.ide.mcu.externaltools.gnu-tools-for-stm32.12.3.rel1.win32_1.0.100.202403111256/tools/bin/../lib/gcc/arm-none-eabi/12.3.1/../../../../arm-none-eabi/lib/thumb/v7-m/nofp\libc_nano.a(libc_a-stdio.o)
                0x0800fb4a                __sclose
 .text.__swbuf_r
                0x0800fb52       0x7c C:/ST/STM32CubeIDE_1.15.1/STM32CubeIDE/plugins/com.st.stm32cube.ide.mcu.externaltools.gnu-tools-for-stm32.12.3.rel1.win32_1.0.100.202403111256/tools/bin/../lib/gcc/arm-none-eabi/12.3.1/../../../../arm-none-eabi/lib/thumb/v7-m/nofp\libc_nano.a(libc_a-wbuf.o)
                0x0800fb52                __swbuf_r
 *fill*         0x0800fbce        0x2 
 .text.__swsetup_r
                0x0800fbd0       0xac C:/ST/STM32CubeIDE_1.15.1/STM32CubeIDE/plugins/com.st.stm32cube.ide.mcu.externaltools.gnu-tools-for-stm32.12.3.rel1.win32_1.0.100.202403111256/tools/bin/../lib/gcc/arm-none-eabi/12.3.1/../../../../arm-none-eabi/lib/thumb/v7-m/nofp\libc_nano.a(libc_a-wsetup.o)
                0x0800fbd0                __swsetup_r
 .text.memset   0x0800fc7c       0x10 C:/ST/STM32CubeIDE_1.15.1/STM32CubeIDE/plugins/com.st.stm32cube.ide.mcu.externaltools.gnu-tools-for-stm32.12.3.rel1.win32_1.0.100.202403111256/tools/bin/../lib/gcc/arm-none-eabi/12.3.1/../../../../arm-none-eabi/lib/thumb/v7-m/nofp\libc_nano.a(libc_a-memset.o)
                0x0800fc7c                memset
 .text._localeconv_r
                0x0800fc8c        0x8 C:/ST/STM32CubeIDE_1.15.1/STM32CubeIDE/plugins/com.st.stm32cube.ide.mcu.externaltools.gnu-tools-for-stm32.12.3.rel1.win32_1.0.100.202403111256/tools/bin/../lib/gcc/arm-none-eabi/12.3.1/../../../../arm-none-eabi/lib/thumb/v7-m/nofp\libc_nano.a(libc_a-localeconv.o)
                0x0800fc8c                _localeconv_r
 .text._close_r
                0x0800fc94       0x20 C:/ST/STM32CubeIDE_1.15.1/STM32CubeIDE/plugins/com.st.stm32cube.ide.mcu.externaltools.gnu-tools-for-stm32.12.3.rel1.win32_1.0.100.202403111256/tools/bin/../lib/gcc/arm-none-eabi/12.3.1/../../../../arm-none-eabi/lib/thumb/v7-m/nofp\libc_nano.a(libc_a-closer.o)
                0x0800fc94                _close_r
 .text._lseek_r
                0x0800fcb4       0x24 C:/ST/STM32CubeIDE_1.15.1/STM32CubeIDE/plugins/com.st.stm32cube.ide.mcu.externaltools.gnu-tools-for-stm32.12.3.rel1.win32_1.0.100.202403111256/tools/bin/../lib/gcc/arm-none-eabi/12.3.1/../../../../arm-none-eabi/lib/thumb/v7-m/nofp\libc_nano.a(libc_a-lseekr.o)
                0x0800fcb4                _lseek_r
 .text._read_r  0x0800fcd8       0x24 C:/ST/STM32CubeIDE_1.15.1/STM32CubeIDE/plugins/com.st.stm32cube.ide.mcu.externaltools.gnu-tools-for-stm32.12.3.rel1.win32_1.0.100.202403111256/tools/bin/../lib/gcc/arm-none-eabi/12.3.1/../../../../arm-none-eabi/lib/thumb/v7-m/nofp\libc_nano.a(libc_a-readr.o)
                0x0800fcd8                _read_r
 .text._write_r
                0x0800fcfc       0x24 C:/ST/STM32CubeIDE_1.15.1/STM32CubeIDE/plugins/com.st.stm32cube.ide.mcu.externaltools.gnu-tools-for-stm32.12.3.rel1.win32_1.0.100.202403111256/tools/bin/../lib/gcc/arm-none-eabi/12.3.1/../../../../arm-none-eabi/lib/thumb/v7-m/nofp\libc_nano.a(libc_a-writer.o)
                0x0800fcfc                _write_r
 .text.__errno  0x0800fd20        0xc C:/ST/STM32CubeIDE_1.15.1/STM32CubeIDE/plugins/com.st.stm32cube.ide.mcu.externaltools.gnu-tools-for-stm32.12.3.rel1.win32_1.0.100.202403111256/tools/bin/../lib/gcc/arm-none-eabi/12.3.1/../../../../arm-none-eabi/lib/thumb/v7-m/nofp\libc_nano.a(libc_a-errno.o)
                0x0800fd20                __errno
 .text.__libc_init_array
                0x0800fd2c       0x48 C:/ST/STM32CubeIDE_1.15.1/STM32CubeIDE/plugins/com.st.stm32cube.ide.mcu.externaltools.gnu-tools-for-stm32.12.3.rel1.win32_1.0.100.202403111256/tools/bin/../lib/gcc/arm-none-eabi/12.3.1/../../../../arm-none-eabi/lib/thumb/v7-m/nofp\libc_nano.a(libc_a-init.o)
                0x0800fd2c                __libc_init_array
 .text.__retarget_lock_init_recursive
                0x0800fd74        0x2 C:/ST/STM32CubeIDE_1.15.1/STM32CubeIDE/plugins/com.st.stm32cube.ide.mcu.externaltools.gnu-tools-for-stm32.12.3.rel1.win32_1.0.100.202403111256/tools/bin/../lib/gcc/arm-none-eabi/12.3.1/../../../../arm-none-eabi/lib/thumb/v7-m/nofp\libc_nano.a(libc_a-lock.o)
                0x0800fd74                __retarget_lock_init_recursive
 .text.__retarget_lock_acquire_recursive
                0x0800fd76        0x2 C:/ST/STM32CubeIDE_1.15.1/STM32CubeIDE/plugins/com.st.stm32cube.ide.mcu.externaltools.gnu-tools-for-stm32.12.3.rel1.win32_1.0.100.202403111256/tools/bin/../lib/gcc/arm-none-eabi/12.3.1/../../../../arm-none-eabi/lib/thumb/v7-m/nofp\libc_nano.a(libc_a-lock.o)
                0x0800fd76                __retarget_lock_acquire_recursive
 .text.__retarget_lock_release_recursive
                0x0800fd78        0x2 C:/ST/STM32CubeIDE_1.15.1/STM32CubeIDE/plugins/com.st.stm32cube.ide.mcu.externaltools.gnu-tools-for-stm32.12.3.rel1.win32_1.0.100.202403111256/tools/bin/../lib/gcc/arm-none-eabi/12.3.1/../../../../arm-none-eabi/lib/thumb/v7-m/nofp\libc_nano.a(libc_a-lock.o)
                0x0800fd78                __retarget_lock_release_recursive
 .text.memchr   0x0800fd7a       0x1c C:/ST/STM32CubeIDE_1.15.1/STM32CubeIDE/plugins/com.st.stm32cube.ide.mcu.externaltools.gnu-tools-for-stm32.12.3.rel1.win32_1.0.100.202403111256/tools/bin/../lib/gcc/arm-none-eabi/12.3.1/../../../../arm-none-eabi/lib/thumb/v7-m/nofp\libc_nano.a(libc_a-memchr-stub.o)
                0x0800fd7a                memchr
 *fill*         0x0800fd96        0x2 
 .text.nanf     0x0800fd98        0x8 C:/ST/STM32CubeIDE_1.15.1/STM32CubeIDE/plugins/com.st.stm32cube.ide.mcu.externaltools.gnu-tools-for-stm32.12.3.rel1.win32_1.0.100.202403111256/tools/bin/../lib/gcc/arm-none-eabi/12.3.1/../../../../arm-none-eabi/lib/thumb/v7-m/nofp\libc_nano.a(libm_a-sf_nan.o)
                0x0800fd98                nanf
 .text.quorem   0x0800fda0      0x110 C:/ST/STM32CubeIDE_1.15.1/STM32CubeIDE/plugins/com.st.stm32cube.ide.mcu.externaltools.gnu-tools-for-stm32.12.3.rel1.win32_1.0.100.202403111256/tools/bin/../lib/gcc/arm-none-eabi/12.3.1/../../../../arm-none-eabi/lib/thumb/v7-m/nofp\libc_nano.a(libc_a-dtoa.o)
 .text._dtoa_r  0x0800feb0      0xb90 C:/ST/STM32CubeIDE_1.15.1/STM32CubeIDE/plugins/com.st.stm32cube.ide.mcu.externaltools.gnu-tools-for-stm32.12.3.rel1.win32_1.0.100.202403111256/tools/bin/../lib/gcc/arm-none-eabi/12.3.1/../../../../arm-none-eabi/lib/thumb/v7-m/nofp\libc_nano.a(libc_a-dtoa.o)
                0x0800feb0                _dtoa_r