../Drivers/display/max7219_Yncrea2.c:112:7:SPI_CS_High	8	static
../Drivers/display/max7219_Yncrea2.c:118:7:SPI_CS_Low	8	static
../Drivers/display/max7219_Yncrea2.c:154:6:MAX7219_Init	8	static
../Drivers/display/max7219_Yncrea2.c:178:6:MAX7219_ShutdownStart	8	static
../Drivers/display/max7219_Yncrea2.c:193:6:MAX7219_ShutdownStop	8	static
../Drivers/display/max7219_Yncrea2.c:208:6:MAX7219_DisplayTestStart	8	static
../Drivers/display/max7219_Yncrea2.c:223:6:MAX7219_DisplayTestStop	8	static
../Drivers/display/max7219_Yncrea2.c:238:6:MAX7219_SetBrightness	16	static
../Drivers/display/max7219_Yncrea2.c:254:6:MAX7219_Clear	16	static
../Drivers/display/max7219_Yncrea2.c:272:6:MAX7219_DisplayChar	16	static
../Drivers/display/max7219_Yncrea2.c:344:22:MAX7219_LookupCode	24	static
../Drivers/display/max7219_Yncrea2.c:364:13:MAX7219_Write	16	static
../Drivers/display/max7219_Yncrea2.c:397:13:MAX7219_SendByte	16	static
